 -	*0.000	values: 0, 15	lipsync:	[0:1]:1110.000	
 -	*0.017	values: 0, 15	lipsync:	[0:1]:1110.000	
*0.023	 0.017	values: 6, 15	lipsync:	[0:1]:1110.000	
 0.023	*0.033	values: 6, 15	lipsync:	[0:1]:1110.000	
*0.040	 0.033	values: 6, 15	lipsync:	[0:1]:1110.000	
 0.040	*0.050	values: 6, 15	lipsync:	[0:1]:1110.000	
*0.056	 0.050	values: 6, 15	lipsync:	[0:1]:1110.000	
 0.056	*0.067	values: 6, 15	lipsync:	[0:1]:1110.000	
*0.073	 0.067	values: 6, 15	lipsync:	[0:1]:1110.000	
 0.073	*0.083	values: 6, 15	lipsync:	[0:1]:1110.000	
*0.090	 0.083	values: 6, 15	lipsync:	[0:1]:1110.000	
 0.090	*0.100	values: 6, 15	lipsync:	[0:1]:1110.000	
*0.106	 0.100	values: 6, 15	lipsync:	[0:1]:1110.000	
 0.106	*0.117	values: 6, 15	lipsync:	[0:1]:1110.000	
*0.123	 0.117	values: 6, 15	lipsync:	[0:1]:1110.000	
 0.123	*0.133	values: 6, 15	lipsync:	[0:1]:1110.000	
*0.140	 0.133	values: 6, 15	lipsync:	[0:1]:1110.000	
 0.140	*0.150	values: 6, 15	lipsync:	[0:1]:1110.000	
*0.156	 0.150	values: 6, 15	lipsync:	[0:1]:1110.000	
 0.156	*0.167	values: 6, 15	lipsync:	[0:1]:1110.000	
*0.173	 0.167	values: 6, 15	lipsync:	[0:1]:1110.000	
 0.173	*0.183	values: 6, 15	lipsync:	[0:1]:1110.000	
*0.190	 0.183	values: 6, 15	lipsync:	[0:1]:1110.000	
 0.190	*0.200	values: 6, 15	lipsync:	[0:1]:1110.000	
*0.206	 0.200	values: 6, 15	lipsync:	[0:1]:1110.000	
 0.206	*0.217	values: 6, 15	lipsync:	[0:1]:1110.000	
*0.223	 0.217	values: 6, 15	lipsync:	[0:1]:1110.000	
 0.223	*0.233	values: 6, 15	lipsync:	[0:1]:1110.000	
*0.240	 0.233	values: 6, 15	lipsync:	[0:1]:1110.000	
 0.240	*0.250	values: 6, 15	lipsync:	[0:1]:1110.000	
*0.256	 0.250	values: 6, 15	lipsync:	[0:1]:1110.000	
 0.256	*0.267	values: 6, 15	lipsync:	[0:1]:1110.000	
*0.273	 0.267	values: 6, 15	lipsync:	[0:1]:1110.000	
 0.273	*0.283	values: 6, 15	lipsync:	[0:1]:1110.000	
*0.290	 0.283	values: 6, 15	lipsync:	[0:1]:1110.000	
 0.290	*0.300	values: 6, 15	lipsync:	[0:1]:1110.000	
*0.306	 0.300	values: 6, 15	lipsync:	[0:1]:1110.000	
 0.306	*0.317	values: 6, 15	lipsync:	[0:1]:1110.000	
*0.323	 0.317	values: 6, 15	lipsync:	[0:1]:1110.000	
 0.323	*0.333	values: 6, 15	lipsync:	[0:1]:1110.000	
*0.340	 0.333	values: 6, 15	lipsync:	[0:1]:1110.000	
 0.340	*0.350	values: 6, 15	lipsync:	[0:1]:1110.000	
*0.356	 0.350	values: 6, 15	lipsync:	[0:1]:1110.000	
 0.356	*0.367	values: 6, 15	lipsync:	[0:1]:1110.000	
*0.373	 0.367	values: 6, 15	lipsync:	[0:1]:1110.000	
 0.373	*0.383	values: 6, 15	lipsync:	[0:1]:1110.000	
*0.390	 0.383	values: 6, 15	lipsync:	[0:1]:1110.000	
 0.390	*0.400	values: 6, 15	lipsync:	[0:1]:1110.000	
*0.406	 0.400	values: 6, 15	lipsync:	[0:1]:1110.000	
 0.406	*0.417	values: 6, 15	lipsync:	[0:1]:1110.000	
*0.423	 0.417	values: 6, 15	lipsync:	[0:1]:1110.000	
 0.423	*0.433	values: 6, 15	lipsync:	[0:1]:1110.000	
*0.440	 0.433	values: 6, 15	lipsync:	[0:1]:1110.000	
 0.440	*0.450	values: 6, 15	lipsync:	[0:1]:1110.000	
*0.456	 0.450	values: 6, 15	lipsync:	[0:1]:1110.000	
 0.456	*0.467	values: 6, 15	lipsync:	[0:1]:1110.000	
*0.473	 0.467	values: 6, 15	lipsync:	[0:1]:1110.000	
 0.473	*0.483	values: 6, 15	lipsync:	[0:1]:1110.000	
*0.490	 0.483	values: 6, 15	lipsync:	[0:1]:1110.000	
 0.490	*0.500	values: 6, 15	lipsync:	[0:1]:1110.000	
*0.506	 0.500	values: 6, 15	lipsync:	[0:1]:1110.000	
 0.506	*0.517	values: 6, 15	lipsync:	[0:1]:1110.000	
*0.523	 0.517	values: 6, 15	lipsync:	[0:1]:1110.000	
 0.523	*0.533	values: 6, 15	lipsync:	[0:1]:1110.000	
*0.540	 0.533	values: 6, 15	lipsync:	[0:1]:1110.000	
 0.540	*0.550	values: 6, 15	lipsync:	[0:1]:1110.000	
*0.556	 0.550	values: 6, 15	lipsync:	[0:1]:1110.000	
 0.556	*0.567	values: 6, 15	lipsync:	[0:1]:1110.000	
*0.573	 0.567	values: 6, 15	lipsync:	[0:1]:1110.000	
 0.573	*0.583	values: 6, 15	lipsync:	[0:1]:1110.000	
*0.590	 0.583	values: 6, 15	lipsync:	[0:1]:1110.000	
 0.590	*0.600	values: 6, 15	lipsync:	[0:1]:1110.000	
*0.606	 0.600	values: 6, 15	lipsync:	[0:1]:1110.000	
 0.606	*0.617	values: 6, 15	lipsync:	[0:1]:1110.000	
*0.623	 0.617	values: 6, 15	lipsync:	[0:1]:1110.000	
 0.623	*0.633	values: 6, 15	lipsync:	[0:1]:1110.000	
*0.640	 0.633	values: 6, 15	lipsync:	[0:1]:1110.000	
 0.640	*0.650	values: 6, 15	lipsync:	[0:1]:1110.000	
*0.656	 0.650	values: 6, 15	lipsync:	[0:1]:1110.000	
 0.656	*0.667	values: 6, 15	lipsync:	[0:1]:1110.000	
*0.673	 0.667	values: 6, 15	lipsync:	[0:1]:1110.000	
 0.673	*0.683	values: 6, 15	lipsync:	[0:1]:1110.000	
*0.690	 0.683	values: 6, 15	lipsync:	[0:1]:1110.000	
 0.690	*0.700	values: 6, 15	lipsync:	[0:1]:1110.000	
*0.706	 0.700	values: 6, 15	lipsync:	[0:1]:1110.000	
 0.706	*0.717	values: 6, 15	lipsync:	[0:1]:1110.000	
*0.723	 0.717	values: 6, 15	lipsync:	[0:1]:1110.000	
 0.723	*0.733	values: 6, 15	lipsync:	[0:1]:1110.000	
*0.740	 0.733	values: 6, 15	lipsync:	[0:1]:1110.000	
 0.740	*0.750	values: 6, 15	lipsync:	[0:1]:1110.000	
*0.756	 0.750	values: 6, 15	lipsync:	[0:1]:1110.000	
 0.756	*0.767	values: 6, 15	lipsync:	[0:1]:1110.000	
*0.773	 0.767	values: 6, 15	lipsync:	[0:1]:1110.000	
 0.773	*0.783	values: 6, 15	lipsync:	[0:1]:1110.000	
*0.790	 0.783	values: 6, 15	lipsync:	[0:1]:1110.000	
 0.790	*0.800	values: 6, 15	lipsync:	[0:1]:1110.000	
*0.806	 0.800	values: 6, 15	lipsync:	[0:1]:1110.000	
 0.806	*0.817	values: 6, 15	lipsync:	[0:1]:1110.000	
*0.823	 0.817	values: 6, 15	lipsync:	[0:1]:1110.000	
 0.823	*0.833	values: 6, 15	lipsync:	[0:1]:1110.000	
*0.840	 0.833	values: 6, 15	lipsync:	[0:1]:1110.000	
 0.840	*0.850	values: 6, 15	lipsync:	[0:1]:1110.000	
*0.856	 0.850	values: 6, 15	lipsync:	[0:1]:1110.000	
 0.856	*0.867	values: 6, 15	lipsync:	[0:1]:1110.000	
*0.873	 0.867	values: 6, 15	lipsync:	[0:1]:1110.000	
 0.873	*0.883	values: 6, 15	lipsync:	[0:1]:1110.000	
*0.890	 0.883	values: 6, 15	lipsync:	[0:1]:1110.000	
 0.890	*0.900	values: 6, 15	lipsync:	[0:1]:1110.000	
*0.906	 0.900	values: 6, 15	lipsync:	[0:1]:1110.000	
 0.906	*0.917	values: 6, 15	lipsync:	[0:1]:1110.000	
*0.923	 0.917	values: 6, 15	lipsync:	[0:1]:1110.000	
 0.923	*0.933	values: 6, 15	lipsync:	[0:1]:1110.000	
*0.940	 0.933	values: 6, 15	lipsync:	[0:1]:1110.000	
 0.940	*0.950	values: 6, 15	lipsync:	[0:1]:1110.000	
*0.956	 0.950	values: 6, 15	lipsync:	[0:1]:1110.000	
 0.956	*0.967	values: 6, 15	lipsync:	[0:1]:1110.000	
*0.973	 0.967	values: 6, 15	lipsync:	[0:1]:1110.000	
 0.973	*0.983	values: 6, 15	lipsync:	[0:1]:1110.000	
*0.990	 0.983	values: 6, 15	lipsync:	[0:1]:1110.000	
 0.990	*1.000	values: 6, 15	lipsync:	[0:1]:1110.000	
*1.006	 1.000	values: 6, 15	lipsync:	[0:1]:1110.000	
 1.006	*1.017	values: 6, 15	lipsync:	[0:1]:1110.000	
*1.023	 1.017	values: 6, 15	lipsync:	[0:1]:1110.000	
 1.023	*1.033	values: 6, 15	lipsync:	[0:1]:1110.000	
*1.040	 1.033	values: 6, 15	lipsync:	[0:1]:1110.000	
 1.040	*1.050	values: 6, 15	lipsync:	[0:1]:1110.000	
*1.056	 1.050	values: 6, 15	lipsync:	[0:1]:1110.000	
 1.056	*1.067	values: 6, 15	lipsync:	[0:1]:1110.000	
*1.073	 1.067	values: 6, 15	lipsync:	[0:1]:1110.000	
 1.073	*1.083	values: 6, 15	lipsync:	[0:1]:1110.000	
*1.090	 1.083	values: 6, 15	lipsync:	[0:1]:1110.000	
 1.090	*1.100	values: 6, 15	lipsync:	[0:1]:1110.000	
*1.106	 1.100	values: 6, 15	lipsync:	[0:1]:1110.000	
 1.106	*1.117	values: 6, 15	lipsync:	[0:1]:1110.000	
*1.123	 1.117	values: 6, 15	lipsync:	[0:1]:1110.000	
 1.123	*1.133	values: 6, 15	lipsync:	[0:1]:1110.000	
*1.140	 1.133	values: 6, 15	lipsync:	[0:1]:1110.000	
 1.140	*1.150	values: 6, 15	lipsync:	[0:1]:1110.000	
*1.156	 1.150	values: 6, 15	lipsync:	[0:1]:1110.000	
 1.156	*1.167	values: 6, 15	lipsync:	[0:1]:1110.000	
*1.173	 1.167	values: 6, 15	lipsync:	[0:1]:1110.000	
 1.173	*1.183	values: 6, 15	lipsync:	[0:1]:1110.000	
*1.190	 1.183	values: 6, 15	lipsync:	[0:1]:1110.000	
 1.190	*1.200	values: 6, 15	lipsync:	[0:1]:1110.000	
*1.206	 1.200	values: 6, 15	lipsync:	[0:1]:1110.000	
 1.206	*1.217	values: 6, 15	lipsync:	[0:1]:1110.000	
*1.223	 1.217	values: 6, 15	lipsync:	[0:1]:1110.000	
 1.223	*1.233	values: 6, 15	lipsync:	[0:1]:1110.000	
*1.240	 1.233	values: 6, 15	lipsync:	[0:1]:1110.000	
 1.240	*1.250	values: 6, 15	lipsync:	[0:1]:1110.000	
*1.256	 1.250	values: 6, 15	lipsync:	[0:1]:1110.000	
 1.256	*1.267	values: 6, 15	lipsync:	[0:1]:1110.000	
*1.273	 1.267	values: 6, 15	lipsync:	[0:1]:1110.000	
 1.273	*1.283	values: 6, 15	lipsync:	[0:1]:1110.000	
*1.290	 1.283	values: 6, 15	lipsync:	[0:1]:1110.000	
 1.290	*1.300	values: 6, 15	lipsync:	[0:1]:1110.000	
*1.306	 1.300	values: 6, 15	lipsync:	[0:1]:1110.000	
 1.306	*1.317	values: 6, 15	lipsync:	[0:1]:1110.000	
*1.323	 1.317	values: 6, 15	lipsync:	[0:1]:1110.000	
 1.323	*1.333	values: 6, 15	lipsync:	[0:1]:1110.000	
*1.340	 1.333	values: 6, 15	lipsync:	[0:1]:1110.000	
 1.340	*1.350	values: 6, 15	lipsync:	[0:1]:1110.000	
*1.356	 1.350	values: 6, 15	lipsync:	[0:1]:1110.000	
 1.356	*1.367	values: 6, 15	lipsync:	[0:1]:1110.000	
*1.373	 1.367	values: 6, 15	lipsync:	[0:1]:1110.000	
 1.373	*1.383	values: 6, 15	lipsync:	[0:1]:1110.000	
*1.390	 1.383	values: 6, 15	lipsync:	[0:1]:1110.000	
 1.390	*1.400	values: 6, 15	lipsync:	[0:1]:1110.000	
*1.406	 1.400	values: 6, 15	lipsync:	[0:1]:1110.000	
 1.406	*1.417	values: 6, 15	lipsync:	[0:1]:1110.000	
*1.423	 1.417	values: 6, 15	lipsync:	[0:1]:1110.000	
 1.423	*1.433	values: 6, 15	lipsync:	[0:1]:1110.000	
*1.440	 1.433	values: 6, 15	lipsync:	[0:1]:1110.000	
 1.440	*1.450	values: 6, 15	lipsync:	[0:1]:1110.000	
*1.456	 1.450	values: 6, 15	lipsync:	[0:1]:1110.000	
 1.456	*1.467	values: 6, 15	lipsync:	[0:1]:1110.000	
*1.473	 1.467	values: 6, 15	lipsync:	[0:1]:1110.000	
 1.473	*1.483	values: 6, 15	lipsync:	[0:1]:1110.000	
*1.490	 1.483	values: 6, 15	lipsync:	[0:1]:1110.000	
 1.490	*1.500	values: 6, 15	lipsync:	[0:1]:1110.000	
*1.506	 1.500	values: 6, 15	lipsync:	[0:1]:1110.000	
 1.506	*1.517	values: 6, 15	lipsync:	[0:1]:1110.000	
*1.523	 1.517	values: 6, 15	lipsync:	[0:1]:1110.000	
 1.523	*1.533	values: 6, 15	lipsync:	[0:1]:1110.000	
*1.540	 1.533	values: 6, 15	lipsync:	[0:1]:1110.000	
 1.540	*1.550	values: 6, 15	lipsync:	[0:1]:1110.000	
*1.556	 1.550	values: 6, 15	lipsync:	[0:1]:1110.000	
 1.556	*1.567	values: 6, 15	lipsync:	[0:1]:1110.000	
*1.573	 1.567	values: 6, 15	lipsync:	[0:1]:1110.000	
 1.573	*1.583	values: 6, 15	lipsync:	[0:1]:1110.000	
*1.590	 1.583	values: 6, 15	lipsync:	[0:1]:1110.000	
 1.590	*1.600	values: 6, 15	lipsync:	[0:1]:1110.000	
*1.606	 1.600	values: 6, 15	lipsync:	[0:1]:1110.000	
 1.606	*1.617	values: 6, 15	lipsync:	[0:1]:1110.000	
*1.623	 1.617	values: 6, 15	lipsync:	[0:1]:1110.000	
 1.623	*1.633	values: 6, 15	lipsync:	[0:1]:1110.000	
*1.640	 1.633	values: 6, 15	lipsync:	[0:1]:1110.000	
 1.640	*1.650	values: 6, 15	lipsync:	[0:1]:1110.000	
*1.656	 1.650	values: 6, 15	lipsync:	[0:1]:1110.000	
 1.656	*1.667	values: 6, 15	lipsync:	[0:1]:1110.000	
*1.673	 1.667	values: 6, 15	lipsync:	[0:1]:1110.000	
 1.673	*1.683	values: 6, 15	lipsync:	[0:1]:1110.000	
*1.690	 1.683	values: 6, 15	lipsync:	[0:1]:1110.000	
 1.690	*1.700	values: 6, 15	lipsync:	[0:1]:1110.000	
*1.706	 1.700	values: 6, 15	lipsync:	[0:1]:1110.000	
 1.706	*1.717	values: 6, 15	lipsync:	[0:1]:1110.000	
*1.723	 1.717	values: 6, 15	lipsync:	[0:1]:1110.000	
 1.723	*1.733	values: 6, 15	lipsync:	[0:1]:1110.000	
*1.740	 1.733	values: 6, 15	lipsync:	[0:1]:1110.000	
 1.740	*1.750	values: 6, 15	lipsync:	[0:1]:1110.000	
*1.756	 1.750	values: 6, 15	lipsync:	[0:1]:1110.000	
 1.756	*1.767	values: 6, 15	lipsync:	[0:1]:1110.000	
*1.773	 1.767	values: 6, 15	lipsync:	[0:1]:1110.000	
 1.773	*1.783	values: 6, 15	lipsync:	[0:1]:1110.000	
*1.790	 1.783	values: 6, 15	lipsync:	[0:1]:1110.000	
 1.790	*1.800	values: 6, 15	lipsync:	[0:1]:1110.000	
*1.806	 1.800	values: 6, 15	lipsync:	[0:1]:1110.000	
 1.806	*1.817	values: 6, 15	lipsync:	[0:1]:1110.000	
*1.823	 1.817	values: 6, 15	lipsync:	[0:1]:1110.000	
 1.823	*1.833	values: 6, 15	lipsync:	[0:1]:1110.000	
*1.840	 1.833	values: 6, 15	lipsync:	[0:1]:1110.000	
 1.840	*1.850	values: 6, 15	lipsync:	[0:1]:1110.000	
*1.856	 1.850	values: 6, 15	lipsync:	[0:1]:1110.000	
 1.856	*1.867	values: 6, 15	lipsync:	[0:1]:1110.000	
*1.873	 1.867	values: 6, 15	lipsync:	[0:1]:1110.000	
 1.873	*1.883	values: 6, 15	lipsync:	[0:1]:1110.000	
*1.890	 1.883	values: 6, 15	lipsync:	[0:1]:1110.000	
 1.890	*1.900	values: 6, 15	lipsync:	[0:1]:1110.000	
*1.906	 1.900	values: 6, 15	lipsync:	[0:1]:1110.000	
 1.906	*1.917	values: 6, 15	lipsync:	[0:1]:1110.000	
*1.923	 1.917	values: 6, 15	lipsync:	[0:1]:1110.000	
 1.923	*1.933	values: 6, 15	lipsync:	[0:1]:1110.000	
*1.940	 1.933	values: 6, 15	lipsync:	[0:1]:1110.000	
 1.940	*1.950	values: 6, 14	lipsync:	[0:1]:1110.000	
*1.956	 1.950	values: 6, 14	lipsync:	[0:1]:1110.000	
 1.956	*1.967	values: 6, 14	lipsync:	[0:1]:1110.000	
*1.973	 1.967	values: 6, 14	lipsync:	[0:1]:1110.000	
 1.973	*1.983	values: 6, 14	lipsync:	[0:1]:1110.000	
*1.990	 1.983	values: 6, 14	lipsync:	[0:1]:1110.000	
 1.990	*2.000	values: 6, 76	lipsync:	[0:1]:1110.000	
*2.006	 2.000	values: 6, 76	lipsync:	[0:1]:1110.000	
 2.006	*2.017	values: 6, 76	lipsync:	[0:1]:1110.000	
*2.023	 2.017	values: 92, 76	lipsync:	[0:1]:-0.023	
 2.023	*2.033	values: 92, 76	lipsync:	[0:1]:-0.023	
*2.040	 2.033	values: 92, 76	lipsync:	[0:1]:-0.023	
 2.040	*2.050	values: 92, 76	lipsync:	[0:1]:-0.023	
*2.056	 2.050	values: 92, 76	lipsync:	[0:1]:-0.023	
 2.056	*2.067	values: 92, 76	lipsync:	[0:1]:-0.023	
*2.073	 2.067	values: 92, 76	lipsync:	[0:1]:-0.023	
 2.073	*2.083	values: 92, 76	lipsync:	[0:1]:-0.023	
*2.090	 2.083	values: 92, 76	lipsync:	[0:1]:-0.023	
 2.090	*2.100	values: 92, 76	lipsync:	[0:1]:-0.023	
*2.106	 2.100	values: 92, 76	lipsync:	[0:1]:-0.023	
 2.106	*2.117	values: 92, 76	lipsync:	[0:1]:-0.023	
*2.123	 2.117	values: 92, 76	lipsync:	[0:1]:-0.023	
 2.123	*2.133	values: 92, 76	lipsync:	[0:1]:-0.023	
*2.140	 2.133	values: 92, 76	lipsync:	[0:1]:-0.023	
 2.140	*2.150	values: 92, 76	lipsync:	[0:1]:-0.023	
*2.156	 2.150	values: 92, 76	lipsync:	[0:1]:-0.023	
 2.156	*2.167	values: 92, 76	lipsync:	[0:1]:-0.023	
*2.173	 2.167	values: 92, 76	lipsync:	[0:1]:-0.023	
 2.173	*2.183	values: 92, 76	lipsync:	[0:1]:-0.023	
*2.190	 2.183	values: 92, 76	lipsync:	[0:1]:-0.023	
 2.190	*2.200	values: 92, 76	lipsync:	[0:1]:-0.023	
*2.206	 2.200	values: 92, 76	lipsync:	[0:1]:-0.023	
 2.206	*2.217	values: 92, 76	lipsync:	[0:1]:-0.023	
*2.223	 2.217	values: 92, 76	lipsync:	[0:1]:-0.023	
 2.223	*2.233	values: 92, 76	lipsync:	[0:1]:-0.023	
*2.240	 2.233	values: 92, 76	lipsync:	[0:1]:-0.023	
 2.240	*2.250	values: 92, 76	lipsync:	[0:1]:-0.023	
*2.256	 2.250	values: 92, 76	lipsync:	[0:1]:-0.023	
 2.256	*2.267	values: 92, 76	lipsync:	[0:1]:-0.023	
*2.273	 2.267	values: 92, 76	lipsync:	[0:1]:-0.023	
 2.273	*2.283	values: 92, 76	lipsync:	[0:1]:-0.023	
*2.290	 2.283	values: 92, 76	lipsync:	[0:1]:-0.023	
 2.290	*2.300	values: 92, 76	lipsync:	[0:1]:-0.023	
*2.306	 2.300	values: 92, 76	lipsync:	[0:1]:-0.023	
 2.306	*2.317	values: 92, 76	lipsync:	[0:1]:-0.023	
*2.323	 2.317	values: 92, 76	lipsync:	[0:1]:-0.023	
 2.323	*2.333	values: 92, 76	lipsync:	[0:1]:-0.023	
*2.340	 2.333	values: 92, 76	lipsync:	[0:1]:-0.023	
 2.340	*2.350	values: 92, 76	lipsync:	[0:1]:-0.023	
*2.356	 2.350	values: 92, 76	lipsync:	[0:1]:-0.023	
 2.356	*2.367	values: 92, 76	lipsync:	[0:1]:-0.023	
*2.373	 2.367	values: 92, 76	lipsync:	[0:1]:-0.023	
 2.373	*2.383	values: 92, 76	lipsync:	[0:1]:-0.023	
*2.390	 2.383	values: 92, 76	lipsync:	[0:1]:-0.023	
 2.390	*2.400	values: 92, 76	lipsync:	[0:1]:-0.023	
*2.406	 2.400	values: 92, 76	lipsync:	[0:1]:-0.023	
 2.406	*2.417	values: 92, 76	lipsync:	[0:1]:-0.023	
*2.423	 2.417	values: 92, 76	lipsync:	[0:1]:-0.023	
 2.423	*2.433	values: 92, 76	lipsync:	[0:1]:-0.023	
*2.440	 2.433	values: 92, 76	lipsync:	[0:1]:-0.023	
 2.440	*2.450	values: 92, 76	lipsync:	[0:1]:-0.023	
*2.456	 2.450	values: 92, 76	lipsync:	[0:1]:-0.023	
 2.456	*2.467	values: 92, 76	lipsync:	[0:1]:-0.023	
*2.473	 2.467	values: 92, 76	lipsync:	[0:1]:-0.023	
 2.473	*2.483	values: 92, 76	lipsync:	[0:1]:-0.023	
*2.490	 2.483	values: 92, 76	lipsync:	[0:1]:-0.023	
 2.490	*2.500	values: 92, 76	lipsync:	[0:1]:-0.023	
*2.506	 2.500	values: 92, 76	lipsync:	[0:1]:-0.023	
 2.506	*2.517	values: 92, 76	lipsync:	[0:1]:-0.023	
*2.523	 2.517	values: 92, 76	lipsync:	[0:1]:-0.023	
 2.523	*2.533	values: 92, 76	lipsync:	[0:1]:-0.023	
*2.540	 2.533	values: 92, 76	lipsync:	[0:1]:-0.023	
 2.540	*2.550	values: 92, 76	lipsync:	[0:1]:-0.023	
*2.556	 2.550	values: 92, 76	lipsync:	[0:1]:-0.023	
 2.556	*2.567	values: 92, 76	lipsync:	[0:1]:-0.023	
*2.573	 2.567	values: 92, 76	lipsync:	[0:1]:-0.023	
 2.573	*2.583	values: 92, 76	lipsync:	[0:1]:-0.023	
*2.590	 2.583	values: 92, 76	lipsync:	[0:1]:-0.023	
 2.590	*2.600	values: 92, 76	lipsync:	[0:1]:-0.023	
*2.606	 2.600	values: 92, 76	lipsync:	[0:1]:-0.023	
 2.606	*2.617	values: 92, 76	lipsync:	[0:1]:-0.023	
*2.623	 2.617	values: 92, 76	lipsync:	[0:1]:-0.023	
 2.623	*2.633	values: 92, 76	lipsync:	[0:1]:-0.023	
*2.640	 2.633	values: 92, 76	lipsync:	[0:1]:-0.023	
 2.640	*2.650	values: 92, 76	lipsync:	[0:1]:-0.023	
*2.656	 2.650	values: 92, 76	lipsync:	[0:1]:-0.023	
 2.656	*2.667	values: 92, 76	lipsync:	[0:1]:-0.023	
*2.673	 2.667	values: 92, 76	lipsync:	[0:1]:-0.023	
 2.673	*2.683	values: 92, 76	lipsync:	[0:1]:-0.023	
*2.690	 2.683	values: 92, 76	lipsync:	[0:1]:-0.023	
 2.690	*2.700	values: 92, 76	lipsync:	[0:1]:-0.023	
*2.706	 2.700	values: 92, 76	lipsync:	[0:1]:-0.023	
 2.706	*2.717	values: 92, 76	lipsync:	[0:1]:-0.023	
*2.723	 2.717	values: 92, 76	lipsync:	[0:1]:-0.023	
 2.723	*2.733	values: 92, 76	lipsync:	[0:1]:-0.023	
*2.740	 2.733	values: 92, 76	lipsync:	[0:1]:-0.023	
 2.740	*2.750	values: 92, 76	lipsync:	[0:1]:-0.023	
*2.756	 2.750	values: 92, 76	lipsync:	[0:1]:-0.023	
 2.756	*2.767	values: 92, 76	lipsync:	[0:1]:-0.023	
*2.773	 2.767	values: 92, 76	lipsync:	[0:1]:-0.023	
 2.773	*2.783	values: 92, 76	lipsync:	[0:1]:-0.023	
*2.790	 2.783	values: 92, 76	lipsync:	[0:1]:-0.023	
 2.790	*2.800	values: 92, 76	lipsync:	[0:1]:-0.023	
*2.806	 2.800	values: 92, 76	lipsync:	[0:1]:-0.023	
 2.806	*2.817	values: 92, 76	lipsync:	[0:1]:-0.023	
*2.823	 2.817	values: 92, 76	lipsync:	[0:1]:-0.023	
 2.823	*2.833	values: 92, 76	lipsync:	[0:1]:-0.023	
*2.840	 2.833	values: 92, 76	lipsync:	[0:1]:-0.023	
 2.840	*2.850	values: 92, 76	lipsync:	[0:1]:-0.023	
*2.856	 2.850	values: 92, 76	lipsync:	[0:1]:-0.023	
 2.856	*2.867	values: 92, 76	lipsync:	[0:1]:-0.023	
*2.873	 2.867	values: 92, 76	lipsync:	[0:1]:-0.023	
 2.873	*2.883	values: 92, 76	lipsync:	[0:1]:-0.023	
*2.890	 2.883	values: 92, 76	lipsync:	[0:1]:-0.023	
 2.890	*2.900	values: 92, 76	lipsync:	[0:1]:-0.023	
*2.906	 2.900	values: 92, 76	lipsync:	[0:1]:-0.023	
 2.906	*2.917	values: 92, 76	lipsync:	[0:1]:-0.023	
*2.923	 2.917	values: 92, 76	lipsync:	[0:1]:-0.023	
 2.923	*2.933	values: 92, 76	lipsync:	[0:1]:-0.023	
*2.940	 2.933	values: 92, 76	lipsync:	[0:1]:-0.023	
 2.940	*2.950	values: 92, 76	lipsync:	[0:1]:-0.023	
*2.956	 2.950	values: 92, 76	lipsync:	[0:1]:-0.023	
 2.956	*2.967	values: 92, 76	lipsync:	[0:1]:-0.023	
*2.973	 2.967	values: 92, 76	lipsync:	[0:1]:-0.023	
 2.973	*2.983	values: 92, 76	lipsync:	[0:1]:-0.023	
*2.990	 2.983	values: 92, 76	lipsync:	[0:1]:-0.023	
 2.990	*3.000	values: 92, 76	lipsync:	[0:1]:-0.023	
*3.006	 3.000	values: 92, 76	lipsync:	[0:1]:-0.023	
 3.006	*3.017	values: 92, 76	lipsync:	[0:1]:-0.023	
*3.023	 3.017	values: 92, 76	lipsync:	[0:1]:-0.023	
 3.023	*3.033	values: 92, 76	lipsync:	[0:1]:-0.023	
*3.040	 3.033	values: 92, 76	lipsync:	[0:1]:-0.023	
 3.040	*3.050	values: 92, 76	lipsync:	[0:1]:-0.023	
*3.056	 3.050	values: 92, 76	lipsync:	[0:1]:-0.023	
 3.056	*3.067	values: 92, 76	lipsync:	[0:1]:-0.023	
*3.073	 3.067	values: 92, 76	lipsync:	[0:1]:-0.023	
 3.073	*3.083	values: 92, 76	lipsync:	[0:1]:-0.023	
*3.090	 3.083	values: 92, 76	lipsync:	[0:1]:-0.023	
 3.090	*3.100	values: 92, 76	lipsync:	[0:1]:-0.023	
*3.106	 3.100	values: 92, 76	lipsync:	[0:1]:-0.023	
 3.106	*3.117	values: 92, 76	lipsync:	[0:1]:-0.023	
*3.123	 3.117	values: 92, 76	lipsync:	[0:1]:-0.023	
 3.123	*3.133	values: 92, 76	lipsync:	[0:1]:-0.023	
*3.140	 3.133	values: 92, 76	lipsync:	[0:1]:-0.023	
 3.140	*3.150	values: 92, 76	lipsync:	[0:1]:-0.023	
*3.156	 3.150	values: 92, 76	lipsync:	[0:1]:-0.023	
 3.156	*3.167	values: 92, 76	lipsync:	[0:1]:-0.023	
*3.173	 3.167	values: 92, 76	lipsync:	[0:1]:-0.023	
 3.173	*3.183	values: 92, 76	lipsync:	[0:1]:-0.023	
*3.190	 3.183	values: 92, 76	lipsync:	[0:1]:-0.023	
 3.190	*3.200	values: 92, 76	lipsync:	[0:1]:-0.023	
*3.206	 3.200	values: 92, 76	lipsync:	[0:1]:-0.023	
 3.206	*3.217	values: 92, 76	lipsync:	[0:1]:-0.023	
*3.223	 3.217	values: 92, 76	lipsync:	[0:1]:-0.023	
 3.223	*3.233	values: 92, 76	lipsync:	[0:1]:-0.023	
*3.240	 3.233	values: 92, 76	lipsync:	[0:1]:-0.023	
 3.240	*3.250	values: 92, 76	lipsync:	[0:1]:-0.023	
*3.256	 3.250	values: 92, 76	lipsync:	[0:1]:-0.023	
 3.256	*3.267	values: 92, 76	lipsync:	[0:1]:-0.023	
*3.273	 3.267	values: 92, 76	lipsync:	[0:1]:-0.023	
 3.273	*3.283	values: 92, 76	lipsync:	[0:1]:-0.023	
*3.290	 3.283	values: 92, 76	lipsync:	[0:1]:-0.023	
 3.290	*3.300	values: 92, 76	lipsync:	[0:1]:-0.023	
*3.306	 3.300	values: 92, 76	lipsync:	[0:1]:-0.023	
 3.306	*3.317	values: 92, 76	lipsync:	[0:1]:-0.023	
*3.323	 3.317	values: 92, 76	lipsync:	[0:1]:-0.023	
 3.323	*3.333	values: 92, 76	lipsync:	[0:1]:-0.023	
*3.340	 3.333	values: 92, 76	lipsync:	[0:1]:-0.023	
 3.340	*3.350	values: 92, 76	lipsync:	[0:1]:-0.023	
*3.356	 3.350	values: 92, 76	lipsync:	[0:1]:-0.023	
 3.356	*3.367	values: 92, 76	lipsync:	[0:1]:-0.023	
*3.373	 3.367	values: 92, 76	lipsync:	[0:1]:-0.023	
 3.373	*3.383	values: 92, 76	lipsync:	[0:1]:-0.023	
*3.390	 3.383	values: 92, 76	lipsync:	[0:1]:-0.023	
 3.390	*3.400	values: 92, 76	lipsync:	[0:1]:-0.023	
*3.406	 3.400	values: 92, 76	lipsync:	[0:1]:-0.023	
 3.406	*3.417	values: 92, 76	lipsync:	[0:1]:-0.023	
*3.423	 3.417	values: 92, 76	lipsync:	[0:1]:-0.023	
 3.423	*3.433	values: 92, 76	lipsync:	[0:1]:-0.023	
*3.440	 3.433	values: 92, 76	lipsync:	[0:1]:-0.023	
 3.440	*3.450	values: 92, 76	lipsync:	[0:1]:-0.023	
*3.456	 3.450	values: 92, 76	lipsync:	[0:1]:-0.023	
 3.456	*3.467	values: 92, 76	lipsync:	[0:1]:-0.023	
*3.473	 3.467	values: 92, 76	lipsync:	[0:1]:-0.023	
 3.473	*3.483	values: 92, 76	lipsync:	[0:1]:-0.023	
*3.490	 3.483	values: 92, 76	lipsync:	[0:1]:-0.023	
 3.490	*3.500	values: 92, 76	lipsync:	[0:1]:-0.023	
*3.506	 3.500	values: 92, 76	lipsync:	[0:1]:-0.023	
 3.506	*3.517	values: 92, 76	lipsync:	[0:1]:-0.023	
*3.523	 3.517	values: 92, 76	lipsync:	[0:1]:-0.023	
 3.523	*3.533	values: 92, 76	lipsync:	[0:1]:-0.023	
*3.540	 3.533	values: 92, 76	lipsync:	[0:1]:-0.023	
 3.540	*3.550	values: 92, 76	lipsync:	[0:1]:-0.023	
*3.556	 3.550	values: 92, 76	lipsync:	[0:1]:-0.023	
 3.556	*3.567	values: 92, 76	lipsync:	[0:1]:-0.023	
*3.573	 3.567	values: 92, 76	lipsync:	[0:1]:-0.023	
 3.573	*3.583	values: 92, 76	lipsync:	[0:1]:-0.023	
*3.590	 3.583	values: 92, 76	lipsync:	[0:1]:-0.023	
 3.590	*3.600	values: 92, 76	lipsync:	[0:1]:-0.023	
*3.606	 3.600	values: 92, 76	lipsync:	[0:1]:-0.023	
 3.606	*3.617	values: 92, 76	lipsync:	[0:1]:-0.023	
*3.623	 3.617	values: 92, 76	lipsync:	[0:1]:-0.023	
 3.623	*3.633	values: 92, 76	lipsync:	[0:1]:-0.023	
*3.640	 3.633	values: 92, 76	lipsync:	[0:1]:-0.023	
 3.640	*3.650	values: 92, 76	lipsync:	[0:1]:-0.023	
*3.656	 3.650	values: 92, 76	lipsync:	[0:1]:-0.023	
 3.656	*3.667	values: 92, 76	lipsync:	[0:1]:-0.023	
*3.673	 3.667	values: 92, 76	lipsync:	[0:1]:-0.023	
 3.673	*3.683	values: 92, 76	lipsync:	[0:1]:-0.023	
*3.690	 3.683	values: 92, 76	lipsync:	[0:1]:-0.023	
 3.690	*3.700	values: 92, 76	lipsync:	[0:1]:-0.023	
*3.706	 3.700	values: 92, 76	lipsync:	[0:1]:-0.023	
 3.706	*3.717	values: 92, 76	lipsync:	[0:1]:-0.023	
*3.723	 3.717	values: 92, 76	lipsync:	[0:1]:-0.023	
 3.723	*3.733	values: 92, 76	lipsync:	[0:1]:-0.023	
*3.740	 3.733	values: 92, 76	lipsync:	[0:1]:-0.023	
 3.740	*3.750	values: 92, 76	lipsync:	[0:1]:-0.023	
*3.756	 3.750	values: 92, 76	lipsync:	[0:1]:-0.023	
 3.756	*3.767	values: 92, 76	lipsync:	[0:1]:-0.023	
*3.773	 3.767	values: 92, 76	lipsync:	[0:1]:-0.023	
 3.773	*3.783	values: 92, 76	lipsync:	[0:1]:-0.023	
*3.790	 3.783	values: 92, 76	lipsync:	[0:1]:-0.023	
 3.790	*3.800	values: 92, 76	lipsync:	[0:1]:-0.023	
*3.806	 3.800	values: 92, 76	lipsync:	[0:1]:-0.023	
 3.806	*3.817	values: 92, 76	lipsync:	[0:1]:-0.023	
*3.823	 3.817	values: 92, 76	lipsync:	[0:1]:-0.023	
 3.823	*3.833	values: 92, 76	lipsync:	[0:1]:-0.023	
*3.840	 3.833	values: 92, 76	lipsync:	[0:1]:-0.023	
 3.840	*3.850	values: 92, 76	lipsync:	[0:1]:-0.023	
*3.856	 3.850	values: 92, 76	lipsync:	[0:1]:-0.023	
 3.856	*3.867	values: 92, 76	lipsync:	[0:1]:-0.023	
*3.873	 3.867	values: 92, 76	lipsync:	[0:1]:-0.023	
 3.873	*3.883	values: 92, 76	lipsync:	[0:1]:-0.023	
*3.890	 3.883	values: 92, 76	lipsync:	[0:1]:-0.023	
*3.906	 3.883	values: 92, 76	lipsync:	[0:1]:-0.023	
*3.923	 3.883	values: 92, 76	lipsync:	[0:1]:-0.023	
*3.940	 3.883	values: 92, 76	lipsync:	[0:1]:-0.023	
*3.956	 3.883	values: 92, 76	lipsync:	[0:1]:-0.023	
*3.973	 3.883	values: 92, 76	lipsync:	[0:1]:-0.023	
*3.990	 3.883	values: 92, 76	lipsync:	[0:1]:-0.023	
*4.006	 3.883	values: 92, 76	lipsync:	[0:1]:-0.023	
 4.006	*3.900	values: 92, 76	lipsync:	[0:1]:-0.023	
 4.006	*3.917	values: 92, 76	lipsync:	[0:1]:-0.023	
