*0.023	 -	values: 6, 0	lipsync:	[0:1]:1110.000	
 0.023	*0.023	values: 6, 16	lipsync:	[0:1]:1110.000	
*0.040	 0.023	values: 6, 16	lipsync:	[0:1]:1110.000	
 0.040	*0.040	values: 6, 16	lipsync:	[0:1]:1110.000	
*0.056	 0.040	values: 6, 16	lipsync:	[0:1]:1110.000	
 0.056	*0.056	values: 6, 16	lipsync:	[0:1]:1110.000	
*0.073	 0.056	values: 6, 16	lipsync:	[0:1]:1110.000	
 0.073	*0.073	values: 6, 16	lipsync:	[0:1]:1110.000	
*0.090	 0.073	values: 6, 16	lipsync:	[0:1]:1110.000	
 0.090	*0.090	values: 6, 16	lipsync:	[0:1]:1110.000	
*0.106	 0.090	values: 6, 16	lipsync:	[0:1]:1110.000	
 0.106	*0.106	values: 6, 16	lipsync:	[0:1]:1110.000	
*0.123	 0.106	values: 6, 16	lipsync:	[0:1]:1110.000	
 0.123	*0.123	values: 6, 16	lipsync:	[0:1]:1110.000	
*0.140	 0.123	values: 6, 16	lipsync:	[0:1]:1110.000	
 0.140	*0.140	values: 6, 16	lipsync:	[0:1]:1110.000	
*0.156	 0.140	values: 6, 16	lipsync:	[0:1]:1110.000	
 0.156	*0.156	values: 6, 16	lipsync:	[0:1]:1110.000	
*0.173	 0.156	values: 6, 16	lipsync:	[0:1]:1110.000	
 0.173	*0.173	values: 6, 16	lipsync:	[0:1]:1110.000	
*0.190	 0.173	values: 6, 16	lipsync:	[0:1]:1110.000	
 0.190	*0.190	values: 6, 16	lipsync:	[0:1]:1110.000	
*0.206	 0.190	values: 6, 16	lipsync:	[0:1]:1110.000	
 0.206	*0.206	values: 6, 16	lipsync:	[0:1]:1110.000	
*0.223	 0.206	values: 6, 16	lipsync:	[0:1]:1110.000	
 0.223	*0.223	values: 6, 16	lipsync:	[0:1]:1110.000	
*0.240	 0.223	values: 6, 16	lipsync:	[0:1]:1110.000	
 0.240	*0.240	values: 6, 16	lipsync:	[0:1]:1110.000	
*0.256	 0.240	values: 6, 16	lipsync:	[0:1]:1110.000	
 0.256	*0.256	values: 6, 16	lipsync:	[0:1]:1110.000	
*0.273	 0.256	values: 6, 16	lipsync:	[0:1]:1110.000	
 0.273	*0.273	values: 6, 16	lipsync:	[0:1]:1110.000	
*0.290	 0.273	values: 6, 16	lipsync:	[0:1]:1110.000	
 0.290	*0.290	values: 6, 16	lipsync:	[0:1]:1110.000	
*0.306	 0.290	values: 6, 16	lipsync:	[0:1]:1110.000	
 0.306	*0.306	values: 6, 16	lipsync:	[0:1]:1110.000	
*0.323	 0.306	values: 6, 16	lipsync:	[0:1]:1110.000	
 0.323	*0.323	values: 6, 16	lipsync:	[0:1]:1110.000	
*0.340	 0.323	values: 6, 16	lipsync:	[0:1]:1110.000	
 0.340	*0.340	values: 6, 16	lipsync:	[0:1]:1110.000	
*0.356	 0.340	values: 6, 16	lipsync:	[0:1]:1110.000	
 0.356	*0.356	values: 6, 16	lipsync:	[0:1]:1110.000	
*0.373	 0.356	values: 6, 16	lipsync:	[0:1]:1110.000	
 0.373	*0.373	values: 6, 16	lipsync:	[0:1]:1110.000	
*0.390	 0.373	values: 6, 16	lipsync:	[0:1]:1110.000	
 0.390	*0.390	values: 6, 16	lipsync:	[0:1]:1110.000	
*0.406	 0.390	values: 6, 16	lipsync:	[0:1]:1110.000	
 0.406	*0.406	values: 6, 16	lipsync:	[0:1]:1110.000	
*0.423	 0.406	values: 6, 16	lipsync:	[0:1]:1110.000	
 0.423	*0.423	values: 6, 16	lipsync:	[0:1]:1110.000	
*0.440	 0.423	values: 6, 16	lipsync:	[0:1]:1110.000	
 0.440	*0.440	values: 6, 16	lipsync:	[0:1]:1110.000	
*0.456	 0.440	values: 6, 16	lipsync:	[0:1]:1110.000	
 0.456	*0.456	values: 6, 16	lipsync:	[0:1]:1110.000	
*0.473	 0.456	values: 6, 16	lipsync:	[0:1]:1110.000	
 0.473	*0.473	values: 6, 16	lipsync:	[0:1]:1110.000	
*0.490	 0.473	values: 6, 16	lipsync:	[0:1]:1110.000	
 0.490	*0.490	values: 6, 16	lipsync:	[0:1]:1110.000	
*0.506	 0.490	values: 6, 16	lipsync:	[0:1]:1110.000	
 0.506	*0.506	values: 6, 16	lipsync:	[0:1]:1110.000	
*0.523	 0.506	values: 6, 16	lipsync:	[0:1]:1110.000	
 0.523	*0.523	values: 6, 16	lipsync:	[0:1]:1110.000	
*0.540	 0.523	values: 6, 16	lipsync:	[0:1]:1110.000	
 0.540	*0.540	values: 6, 16	lipsync:	[0:1]:1110.000	
*0.556	 0.540	values: 6, 16	lipsync:	[0:1]:1110.000	
 0.556	*0.556	values: 6, 16	lipsync:	[0:1]:1110.000	
*0.573	 0.556	values: 6, 16	lipsync:	[0:1]:1110.000	
 0.573	*0.573	values: 6, 16	lipsync:	[0:1]:1110.000	
*0.590	 0.573	values: 6, 16	lipsync:	[0:1]:1110.000	
 0.590	*0.590	values: 6, 16	lipsync:	[0:1]:1110.000	
*0.606	 0.590	values: 6, 16	lipsync:	[0:1]:1110.000	
 0.606	*0.606	values: 6, 16	lipsync:	[0:1]:1110.000	
*0.623	 0.606	values: 6, 16	lipsync:	[0:1]:1110.000	
 0.623	*0.623	values: 6, 16	lipsync:	[0:1]:1110.000	
*0.640	 0.623	values: 6, 16	lipsync:	[0:1]:1110.000	
 0.640	*0.640	values: 6, 16	lipsync:	[0:1]:1110.000	
*0.656	 0.640	values: 6, 16	lipsync:	[0:1]:1110.000	
 0.656	*0.656	values: 6, 16	lipsync:	[0:1]:1110.000	
*0.673	 0.656	values: 6, 16	lipsync:	[0:1]:1110.000	
 0.673	*0.673	values: 6, 16	lipsync:	[0:1]:1110.000	
*0.690	 0.673	values: 6, 16	lipsync:	[0:1]:1110.000	
 0.690	*0.690	values: 6, 16	lipsync:	[0:1]:1110.000	
*0.706	 0.690	values: 6, 16	lipsync:	[0:1]:1110.000	
 0.706	*0.706	values: 6, 16	lipsync:	[0:1]:1110.000	
*0.723	 0.706	values: 6, 16	lipsync:	[0:1]:1110.000	
 0.723	*0.723	values: 6, 16	lipsync:	[0:1]:1110.000	
*0.740	 0.723	values: 6, 16	lipsync:	[0:1]:1110.000	
 0.740	*0.740	values: 6, 16	lipsync:	[0:1]:1110.000	
*0.756	 0.740	values: 6, 16	lipsync:	[0:1]:1110.000	
 0.756	*0.756	values: 6, 16	lipsync:	[0:1]:1110.000	
*0.773	 0.756	values: 6, 16	lipsync:	[0:1]:1110.000	
 0.773	*0.773	values: 6, 16	lipsync:	[0:1]:1110.000	
*0.790	 0.773	values: 6, 16	lipsync:	[0:1]:1110.000	
 0.790	*0.790	values: 6, 16	lipsync:	[0:1]:1110.000	
*0.806	 0.790	values: 6, 16	lipsync:	[0:1]:1110.000	
 0.806	*0.806	values: 6, 16	lipsync:	[0:1]:1110.000	
*0.823	 0.806	values: 6, 16	lipsync:	[0:1]:1110.000	
 0.823	*0.823	values: 6, 16	lipsync:	[0:1]:1110.000	
*0.840	 0.823	values: 6, 16	lipsync:	[0:1]:1110.000	
 0.840	*0.840	values: 6, 16	lipsync:	[0:1]:1110.000	
*0.856	 0.840	values: 6, 16	lipsync:	[0:1]:1110.000	
 0.856	*0.856	values: 6, 16	lipsync:	[0:1]:1110.000	
*0.873	 0.856	values: 6, 16	lipsync:	[0:1]:1110.000	
 0.873	*0.873	values: 6, 16	lipsync:	[0:1]:1110.000	
*0.890	 0.873	values: 6, 16	lipsync:	[0:1]:1110.000	
 0.890	*0.890	values: 6, 16	lipsync:	[0:1]:1110.000	
*0.906	 0.890	values: 6, 16	lipsync:	[0:1]:1110.000	
 0.906	*0.906	values: 6, 16	lipsync:	[0:1]:1110.000	
*0.923	 0.906	values: 6, 16	lipsync:	[0:1]:1110.000	
 0.923	*0.923	values: 6, 16	lipsync:	[0:1]:1110.000	
*0.940	 0.923	values: 6, 16	lipsync:	[0:1]:1110.000	
 0.940	*0.940	values: 6, 16	lipsync:	[0:1]:1110.000	
*0.956	 0.940	values: 6, 16	lipsync:	[0:1]:1110.000	
 0.956	*0.956	values: 6, 16	lipsync:	[0:1]:1110.000	
*0.973	 0.956	values: 6, 16	lipsync:	[0:1]:1110.000	
 0.973	*0.973	values: 6, 16	lipsync:	[0:1]:1110.000	
*0.990	 0.973	values: 6, 16	lipsync:	[0:1]:1110.000	
 0.990	*0.990	values: 6, 16	lipsync:	[0:1]:1110.000	
*1.006	 0.990	values: 6, 16	lipsync:	[0:1]:1110.000	
 1.006	*1.006	values: 6, 16	lipsync:	[0:1]:1110.000	
*1.023	 1.006	values: 6, 16	lipsync:	[0:1]:1110.000	
 1.023	*1.023	values: 6, 16	lipsync:	[0:1]:1110.000	
*1.040	 1.023	values: 6, 16	lipsync:	[0:1]:1110.000	
 1.040	*1.040	values: 6, 16	lipsync:	[0:1]:1110.000	
*1.056	 1.040	values: 6, 16	lipsync:	[0:1]:1110.000	
 1.056	*1.056	values: 6, 16	lipsync:	[0:1]:1110.000	
*1.073	 1.056	values: 6, 16	lipsync:	[0:1]:1110.000	
 1.073	*1.073	values: 6, 16	lipsync:	[0:1]:1110.000	
*1.090	 1.073	values: 6, 16	lipsync:	[0:1]:1110.000	
 1.090	*1.090	values: 6, 16	lipsync:	[0:1]:1110.000	
*1.106	 1.090	values: 6, 16	lipsync:	[0:1]:1110.000	
 1.106	*1.106	values: 6, 16	lipsync:	[0:1]:1110.000	
*1.123	 1.106	values: 6, 16	lipsync:	[0:1]:1110.000	
 1.123	*1.123	values: 6, 16	lipsync:	[0:1]:1110.000	
*1.140	 1.123	values: 6, 16	lipsync:	[0:1]:1110.000	
 1.140	*1.140	values: 6, 16	lipsync:	[0:1]:1110.000	
*1.156	 1.140	values: 6, 16	lipsync:	[0:1]:1110.000	
 1.156	*1.156	values: 6, 16	lipsync:	[0:1]:1110.000	
*1.173	 1.156	values: 6, 16	lipsync:	[0:1]:1110.000	
 1.173	*1.173	values: 6, 16	lipsync:	[0:1]:1110.000	
*1.190	 1.173	values: 6, 16	lipsync:	[0:1]:1110.000	
 1.190	*1.190	values: 6, 16	lipsync:	[0:1]:1110.000	
*1.206	 1.190	values: 6, 16	lipsync:	[0:1]:1110.000	
 1.206	*1.206	values: 6, 16	lipsync:	[0:1]:1110.000	
*1.223	 1.206	values: 6, 16	lipsync:	[0:1]:1110.000	
 1.223	*1.223	values: 6, 16	lipsync:	[0:1]:1110.000	
*1.240	 1.223	values: 6, 16	lipsync:	[0:1]:1110.000	
 1.240	*1.240	values: 6, 16	lipsync:	[0:1]:1110.000	
*1.256	 1.240	values: 6, 16	lipsync:	[0:1]:1110.000	
 1.256	*1.256	values: 6, 16	lipsync:	[0:1]:1110.000	
*1.273	 1.256	values: 6, 16	lipsync:	[0:1]:1110.000	
 1.273	*1.273	values: 6, 16	lipsync:	[0:1]:1110.000	
*1.290	 1.273	values: 6, 16	lipsync:	[0:1]:1110.000	
 1.290	*1.290	values: 6, 16	lipsync:	[0:1]:1110.000	
*1.306	 1.290	values: 6, 16	lipsync:	[0:1]:1110.000	
 1.306	*1.306	values: 6, 16	lipsync:	[0:1]:1110.000	
*1.323	 1.306	values: 6, 16	lipsync:	[0:1]:1110.000	
 1.323	*1.323	values: 6, 16	lipsync:	[0:1]:1110.000	
*1.340	 1.323	values: 6, 16	lipsync:	[0:1]:1110.000	
 1.340	*1.340	values: 6, 16	lipsync:	[0:1]:1110.000	
*1.356	 1.340	values: 6, 16	lipsync:	[0:1]:1110.000	
 1.356	*1.356	values: 6, 16	lipsync:	[0:1]:1110.000	
*1.373	 1.356	values: 6, 16	lipsync:	[0:1]:1110.000	
 1.373	*1.373	values: 6, 16	lipsync:	[0:1]:1110.000	
*1.390	 1.373	values: 6, 16	lipsync:	[0:1]:1110.000	
 1.390	*1.390	values: 6, 16	lipsync:	[0:1]:1110.000	
*1.406	 1.390	values: 6, 16	lipsync:	[0:1]:1110.000	
 1.406	*1.406	values: 6, 16	lipsync:	[0:1]:1110.000	
*1.423	 1.406	values: 6, 16	lipsync:	[0:1]:1110.000	
 1.423	*1.423	values: 6, 16	lipsync:	[0:1]:1110.000	
*1.440	 1.423	values: 6, 16	lipsync:	[0:1]:1110.000	
 1.440	*1.440	values: 6, 16	lipsync:	[0:1]:1110.000	
*1.456	 1.440	values: 6, 16	lipsync:	[0:1]:1110.000	
 1.456	*1.456	values: 6, 16	lipsync:	[0:1]:1110.000	
*1.473	 1.456	values: 6, 16	lipsync:	[0:1]:1110.000	
 1.473	*1.473	values: 6, 16	lipsync:	[0:1]:1110.000	
*1.490	 1.473	values: 6, 16	lipsync:	[0:1]:1110.000	
 1.490	*1.490	values: 6, 16	lipsync:	[0:1]:1110.000	
*1.506	 1.490	values: 6, 16	lipsync:	[0:1]:1110.000	
 1.506	*1.506	values: 6, 16	lipsync:	[0:1]:1110.000	
*1.523	 1.506	values: 6, 16	lipsync:	[0:1]:1110.000	
 1.523	*1.523	values: 6, 16	lipsync:	[0:1]:1110.000	
*1.540	 1.523	values: 6, 16	lipsync:	[0:1]:1110.000	
 1.540	*1.540	values: 6, 16	lipsync:	[0:1]:1110.000	
*1.556	 1.540	values: 6, 16	lipsync:	[0:1]:1110.000	
 1.556	*1.556	values: 6, 16	lipsync:	[0:1]:1110.000	
*1.573	 1.556	values: 6, 16	lipsync:	[0:1]:1110.000	
 1.573	*1.573	values: 6, 16	lipsync:	[0:1]:1110.000	
*1.590	 1.573	values: 6, 16	lipsync:	[0:1]:1110.000	
 1.590	*1.590	values: 6, 16	lipsync:	[0:1]:1110.000	
*1.606	 1.590	values: 6, 16	lipsync:	[0:1]:1110.000	
 1.606	*1.606	values: 6, 16	lipsync:	[0:1]:1110.000	
*1.623	 1.606	values: 6, 16	lipsync:	[0:1]:1110.000	
 1.623	*1.623	values: 6, 16	lipsync:	[0:1]:1110.000	
*1.640	 1.623	values: 6, 16	lipsync:	[0:1]:1110.000	
 1.640	*1.640	values: 6, 16	lipsync:	[0:1]:1110.000	
*1.656	 1.640	values: 6, 16	lipsync:	[0:1]:1110.000	
 1.656	*1.656	values: 6, 16	lipsync:	[0:1]:1110.000	
*1.673	 1.656	values: 6, 16	lipsync:	[0:1]:1110.000	
 1.673	*1.673	values: 6, 16	lipsync:	[0:1]:1110.000	
*1.690	 1.673	values: 6, 16	lipsync:	[0:1]:1110.000	
 1.690	*1.690	values: 6, 16	lipsync:	[0:1]:1110.000	
*1.706	 1.690	values: 6, 16	lipsync:	[0:1]:1110.000	
 1.706	*1.706	values: 6, 16	lipsync:	[0:1]:1110.000	
*1.723	 1.706	values: 6, 16	lipsync:	[0:1]:1110.000	
 1.723	*1.723	values: 6, 16	lipsync:	[0:1]:1110.000	
*1.740	 1.723	values: 6, 16	lipsync:	[0:1]:1110.000	
 1.740	*1.740	values: 6, 16	lipsync:	[0:1]:1110.000	
*1.756	 1.740	values: 6, 16	lipsync:	[0:1]:1110.000	
 1.756	*1.756	values: 6, 16	lipsync:	[0:1]:1110.000	
*1.773	 1.756	values: 6, 16	lipsync:	[0:1]:1110.000	
 1.773	*1.773	values: 6, 16	lipsync:	[0:1]:1110.000	
*1.790	 1.773	values: 6, 16	lipsync:	[0:1]:1110.000	
 1.790	*1.790	values: 6, 16	lipsync:	[0:1]:1110.000	
*1.806	 1.790	values: 6, 16	lipsync:	[0:1]:1110.000	
 1.806	*1.806	values: 6, 16	lipsync:	[0:1]:1110.000	
*1.823	 1.806	values: 6, 16	lipsync:	[0:1]:1110.000	
 1.823	*1.823	values: 6, 16	lipsync:	[0:1]:1110.000	
*1.840	 1.823	values: 6, 16	lipsync:	[0:1]:1110.000	
 1.840	*1.840	values: 6, 16	lipsync:	[0:1]:1110.000	
*1.856	 1.840	values: 6, 16	lipsync:	[0:1]:1110.000	
 1.856	*1.856	values: 6, 16	lipsync:	[0:1]:1110.000	
*1.873	 1.856	values: 6, 16	lipsync:	[0:1]:1110.000	
 1.873	*1.873	values: 6, 16	lipsync:	[0:1]:1110.000	
*1.890	 1.873	values: 6, 16	lipsync:	[0:1]:1110.000	
 1.890	*1.890	values: 6, 16	lipsync:	[0:1]:1110.000	
*1.906	 1.890	values: 6, 16	lipsync:	[0:1]:1110.000	
 1.906	*1.906	values: 6, 16	lipsync:	[0:1]:1110.000	
*1.923	 1.906	values: 6, 16	lipsync:	[0:1]:1110.000	
 1.923	*1.923	values: 6, 16	lipsync:	[0:1]:1110.000	
*1.940	 1.923	values: 6, 16	lipsync:	[0:1]:1110.000	
 1.940	*1.940	values: 6, 16	lipsync:	[0:1]:1110.000	
*1.956	 1.940	values: 6, 16	lipsync:	[0:1]:1110.000	
 1.956	*1.956	values: 6, 16	lipsync:	[0:1]:1110.000	
*1.973	 1.956	values: 6, 16	lipsync:	[0:1]:1110.000	
 1.973	*1.973	values: 6, 16	lipsync:	[0:1]:1110.000	
*1.990	 1.973	values: 6, 16	lipsync:	[0:1]:1110.000	
 1.990	*1.990	values: 6, 16	lipsync:	[0:1]:1110.000	
*2.006	 1.990	values: 6, 16	lipsync:	[0:1]:1110.000	
 2.006	*2.006	values: 6, 16	lipsync:	[0:1]:1110.000	
*2.023	 2.006	values: 92, 16	lipsync:	[0:1]:1110.000	
 2.023	*2.023	values: 92, 82	lipsync:	[0:1]:0.000	
*2.040	 2.023	values: 92, 82	lipsync:	[0:1]:0.000	
 2.040	*2.040	values: 92, 82	lipsync:	[0:1]:0.000	
*2.056	 2.040	values: 92, 82	lipsync:	[0:1]:0.000	
 2.056	*2.056	values: 92, 82	lipsync:	[0:1]:0.000	
*2.073	 2.056	values: 92, 82	lipsync:	[0:1]:0.000	
 2.073	*2.073	values: 92, 82	lipsync:	[0:1]:0.000	
*2.090	 2.073	values: 92, 82	lipsync:	[0:1]:0.000	
 2.090	*2.090	values: 92, 82	lipsync:	[0:1]:0.000	
*2.106	 2.090	values: 92, 82	lipsync:	[0:1]:0.000	
 2.106	*2.106	values: 92, 82	lipsync:	[0:1]:0.000	
*2.123	 2.106	values: 92, 82	lipsync:	[0:1]:0.000	
 2.123	*2.123	values: 92, 82	lipsync:	[0:1]:0.000	
*2.140	 2.123	values: 92, 82	lipsync:	[0:1]:0.000	
 2.140	*2.140	values: 92, 82	lipsync:	[0:1]:0.000	
*2.156	 2.140	values: 92, 82	lipsync:	[0:1]:0.000	
 2.156	*2.156	values: 92, 82	lipsync:	[0:1]:0.000	
*2.173	 2.156	values: 92, 82	lipsync:	[0:1]:0.000	
 2.173	*2.173	values: 92, 82	lipsync:	[0:1]:0.000	
*2.190	 2.173	values: 92, 82	lipsync:	[0:1]:0.000	
 2.190	*2.190	values: 92, 82	lipsync:	[0:1]:0.000	
*2.206	 2.190	values: 92, 82	lipsync:	[0:1]:0.000	
 2.206	*2.206	values: 92, 82	lipsync:	[0:1]:0.000	
*2.223	 2.206	values: 92, 82	lipsync:	[0:1]:0.000	
 2.223	*2.223	values: 92, 82	lipsync:	[0:1]:0.000	
*2.240	 2.223	values: 92, 82	lipsync:	[0:1]:0.000	
 2.240	*2.240	values: 92, 82	lipsync:	[0:1]:0.000	
*2.256	 2.240	values: 92, 82	lipsync:	[0:1]:0.000	
 2.256	*2.256	values: 92, 82	lipsync:	[0:1]:0.000	
*2.273	 2.256	values: 92, 82	lipsync:	[0:1]:0.000	
 2.273	*2.273	values: 92, 82	lipsync:	[0:1]:0.000	
*2.290	 2.273	values: 92, 82	lipsync:	[0:1]:0.000	
 2.290	*2.290	values: 92, 82	lipsync:	[0:1]:0.000	
*2.306	 2.290	values: 92, 82	lipsync:	[0:1]:0.000	
 2.306	*2.306	values: 92, 82	lipsync:	[0:1]:0.000	
*2.323	 2.306	values: 92, 82	lipsync:	[0:1]:0.000	
 2.323	*2.323	values: 92, 82	lipsync:	[0:1]:0.000	
*2.340	 2.323	values: 92, 82	lipsync:	[0:1]:0.000	
 2.340	*2.340	values: 92, 82	lipsync:	[0:1]:0.000	
*2.356	 2.340	values: 92, 82	lipsync:	[0:1]:0.000	
 2.356	*2.356	values: 92, 82	lipsync:	[0:1]:0.000	
*2.373	 2.356	values: 92, 82	lipsync:	[0:1]:0.000	
 2.373	*2.373	values: 92, 82	lipsync:	[0:1]:0.000	
*2.390	 2.373	values: 92, 82	lipsync:	[0:1]:0.000	
 2.390	*2.390	values: 92, 82	lipsync:	[0:1]:0.000	
*2.406	 2.390	values: 92, 82	lipsync:	[0:1]:0.000	
 2.406	*2.406	values: 92, 82	lipsync:	[0:1]:0.000	
*2.423	 2.406	values: 92, 82	lipsync:	[0:1]:0.000	
 2.423	*2.423	values: 92, 82	lipsync:	[0:1]:0.000	
*2.440	 2.423	values: 92, 82	lipsync:	[0:1]:0.000	
 2.440	*2.440	values: 92, 82	lipsync:	[0:1]:0.000	
*2.456	 2.440	values: 92, 82	lipsync:	[0:1]:0.000	
 2.456	*2.456	values: 92, 82	lipsync:	[0:1]:0.000	
*2.473	 2.456	values: 92, 82	lipsync:	[0:1]:0.000	
 2.473	*2.473	values: 92, 82	lipsync:	[0:1]:0.000	
*2.490	 2.473	values: 92, 82	lipsync:	[0:1]:0.000	
 2.490	*2.490	values: 92, 82	lipsync:	[0:1]:0.000	
*2.506	 2.490	values: 92, 82	lipsync:	[0:1]:0.000	
 2.506	*2.506	values: 92, 82	lipsync:	[0:1]:0.000	
*2.523	 2.506	values: 92, 82	lipsync:	[0:1]:0.000	
 2.523	*2.523	values: 92, 82	lipsync:	[0:1]:0.000	
*2.540	 2.523	values: 92, 82	lipsync:	[0:1]:0.000	
 2.540	*2.540	values: 92, 82	lipsync:	[0:1]:0.000	
*2.556	 2.540	values: 92, 82	lipsync:	[0:1]:0.000	
 2.556	*2.556	values: 92, 82	lipsync:	[0:1]:0.000	
*2.573	 2.556	values: 92, 82	lipsync:	[0:1]:0.000	
 2.573	*2.573	values: 92, 82	lipsync:	[0:1]:0.000	
*2.590	 2.573	values: 92, 82	lipsync:	[0:1]:0.000	
 2.590	*2.590	values: 92, 82	lipsync:	[0:1]:0.000	
*2.606	 2.590	values: 92, 82	lipsync:	[0:1]:0.000	
 2.606	*2.606	values: 92, 82	lipsync:	[0:1]:0.000	
*2.623	 2.606	values: 92, 82	lipsync:	[0:1]:0.000	
 2.623	*2.623	values: 92, 82	lipsync:	[0:1]:0.000	
*2.640	 2.623	values: 92, 82	lipsync:	[0:1]:0.000	
 2.640	*2.640	values: 92, 82	lipsync:	[0:1]:0.000	
*2.656	 2.640	values: 92, 82	lipsync:	[0:1]:0.000	
 2.656	*2.656	values: 92, 82	lipsync:	[0:1]:0.000	
*2.673	 2.656	values: 92, 82	lipsync:	[0:1]:0.000	
 2.673	*2.673	values: 92, 82	lipsync:	[0:1]:0.000	
*2.690	 2.673	values: 92, 82	lipsync:	[0:1]:0.000	
 2.690	*2.690	values: 92, 82	lipsync:	[0:1]:0.000	
*2.706	 2.690	values: 92, 82	lipsync:	[0:1]:0.000	
 2.706	*2.706	values: 92, 82	lipsync:	[0:1]:0.000	
*2.723	 2.706	values: 92, 82	lipsync:	[0:1]:0.000	
 2.723	*2.723	values: 92, 82	lipsync:	[0:1]:0.000	
*2.740	 2.723	values: 92, 82	lipsync:	[0:1]:0.000	
 2.740	*2.740	values: 92, 82	lipsync:	[0:1]:0.000	
*2.756	 2.740	values: 92, 82	lipsync:	[0:1]:0.000	
 2.756	*2.756	values: 92, 82	lipsync:	[0:1]:0.000	
*2.773	 2.756	values: 92, 82	lipsync:	[0:1]:0.000	
 2.773	*2.773	values: 92, 82	lipsync:	[0:1]:0.000	
*2.790	 2.773	values: 92, 82	lipsync:	[0:1]:0.000	
 2.790	*2.790	values: 92, 82	lipsync:	[0:1]:0.000	
*2.806	 2.790	values: 92, 82	lipsync:	[0:1]:0.000	
 2.806	*2.806	values: 92, 82	lipsync:	[0:1]:0.000	
*2.823	 2.806	values: 92, 82	lipsync:	[0:1]:0.000	
 2.823	*2.823	values: 92, 82	lipsync:	[0:1]:0.000	
*2.840	 2.823	values: 92, 82	lipsync:	[0:1]:0.000	
 2.840	*2.840	values: 92, 82	lipsync:	[0:1]:0.000	
*2.856	 2.840	values: 92, 82	lipsync:	[0:1]:0.000	
 2.856	*2.856	values: 92, 82	lipsync:	[0:1]:0.000	
*2.873	 2.856	values: 92, 82	lipsync:	[0:1]:0.000	
 2.873	*2.873	values: 92, 82	lipsync:	[0:1]:0.000	
*2.890	 2.873	values: 92, 82	lipsync:	[0:1]:0.000	
 2.890	*2.890	values: 92, 82	lipsync:	[0:1]:0.000	
*2.906	 2.890	values: 92, 82	lipsync:	[0:1]:0.000	
 2.906	*2.906	values: 92, 82	lipsync:	[0:1]:0.000	
*2.923	 2.906	values: 92, 82	lipsync:	[0:1]:0.000	
 2.923	*2.923	values: 92, 82	lipsync:	[0:1]:0.000	
*2.940	 2.923	values: 92, 82	lipsync:	[0:1]:0.000	
 2.940	*2.940	values: 92, 82	lipsync:	[0:1]:0.000	
*2.956	 2.940	values: 92, 82	lipsync:	[0:1]:0.000	
 2.956	*2.956	values: 92, 82	lipsync:	[0:1]:0.000	
*2.973	 2.956	values: 92, 82	lipsync:	[0:1]:0.000	
 2.973	*2.973	values: 92, 82	lipsync:	[0:1]:0.000	
*2.990	 2.973	values: 92, 82	lipsync:	[0:1]:0.000	
 2.990	*2.990	values: 92, 82	lipsync:	[0:1]:0.000	
*3.006	 2.990	values: 92, 82	lipsync:	[0:1]:0.000	
 3.006	*3.006	values: 92, 82	lipsync:	[0:1]:0.000	
*3.023	 3.006	values: 92, 82	lipsync:	[0:1]:0.000	
 3.023	*3.023	values: 92, 82	lipsync:	[0:1]:0.000	
*3.040	 3.023	values: 92, 82	lipsync:	[0:1]:0.000	
 3.040	*3.040	values: 92, 82	lipsync:	[0:1]:0.000	
*3.056	 3.040	values: 92, 82	lipsync:	[0:1]:0.000	
 3.056	*3.056	values: 92, 82	lipsync:	[0:1]:0.000	
*3.073	 3.056	values: 92, 82	lipsync:	[0:1]:0.000	
 3.073	*3.073	values: 92, 82	lipsync:	[0:1]:0.000	
*3.090	 3.073	values: 92, 82	lipsync:	[0:1]:0.000	
 3.090	*3.090	values: 92, 82	lipsync:	[0:1]:0.000	
*3.106	 3.090	values: 92, 82	lipsync:	[0:1]:0.000	
 3.106	*3.106	values: 92, 82	lipsync:	[0:1]:0.000	
*3.123	 3.106	values: 92, 82	lipsync:	[0:1]:0.000	
 3.123	*3.123	values: 92, 82	lipsync:	[0:1]:0.000	
*3.140	 3.123	values: 92, 82	lipsync:	[0:1]:0.000	
 3.140	*3.140	values: 92, 82	lipsync:	[0:1]:0.000	
*3.156	 3.140	values: 92, 82	lipsync:	[0:1]:0.000	
 3.156	*3.156	values: 92, 82	lipsync:	[0:1]:0.000	
*3.173	 3.156	values: 92, 82	lipsync:	[0:1]:0.000	
 3.173	*3.173	values: 92, 82	lipsync:	[0:1]:0.000	
*3.190	 3.173	values: 92, 82	lipsync:	[0:1]:0.000	
 3.190	*3.190	values: 92, 82	lipsync:	[0:1]:0.000	
*3.206	 3.190	values: 92, 82	lipsync:	[0:1]:0.000	
 3.206	*3.206	values: 92, 82	lipsync:	[0:1]:0.000	
*3.223	 3.206	values: 92, 82	lipsync:	[0:1]:0.000	
 3.223	*3.223	values: 92, 82	lipsync:	[0:1]:0.000	
*3.240	 3.223	values: 92, 82	lipsync:	[0:1]:0.000	
 3.240	*3.240	values: 92, 82	lipsync:	[0:1]:0.000	
*3.256	 3.240	values: 92, 82	lipsync:	[0:1]:0.000	
 3.256	*3.256	values: 92, 82	lipsync:	[0:1]:0.000	
*3.273	 3.256	values: 92, 82	lipsync:	[0:1]:0.000	
 3.273	*3.273	values: 92, 82	lipsync:	[0:1]:0.000	
*3.290	 3.273	values: 92, 82	lipsync:	[0:1]:0.000	
 3.290	*3.290	values: 92, 82	lipsync:	[0:1]:0.000	
*3.306	 3.290	values: 92, 82	lipsync:	[0:1]:0.000	
 3.306	*3.306	values: 92, 82	lipsync:	[0:1]:0.000	
*3.323	 3.306	values: 92, 82	lipsync:	[0:1]:0.000	
 3.323	*3.323	values: 92, 82	lipsync:	[0:1]:0.000	
*3.340	 3.323	values: 92, 82	lipsync:	[0:1]:0.000	
 3.340	*3.340	values: 92, 82	lipsync:	[0:1]:0.000	
*3.356	 3.340	values: 92, 82	lipsync:	[0:1]:0.000	
 3.356	*3.356	values: 92, 82	lipsync:	[0:1]:0.000	
*3.373	 3.356	values: 92, 82	lipsync:	[0:1]:0.000	
 3.373	*3.373	values: 92, 82	lipsync:	[0:1]:0.000	
*3.390	 3.373	values: 92, 82	lipsync:	[0:1]:0.000	
 3.390	*3.390	values: 92, 82	lipsync:	[0:1]:0.000	
*3.406	 3.390	values: 92, 82	lipsync:	[0:1]:0.000	
 3.406	*3.406	values: 92, 82	lipsync:	[0:1]:0.000	
*3.423	 3.406	values: 92, 82	lipsync:	[0:1]:0.000	
 3.423	*3.423	values: 92, 82	lipsync:	[0:1]:0.000	
*3.440	 3.423	values: 92, 82	lipsync:	[0:1]:0.000	
 3.440	*3.440	values: 92, 82	lipsync:	[0:1]:0.000	
*3.456	 3.440	values: 92, 82	lipsync:	[0:1]:0.000	
 3.456	*3.456	values: 92, 82	lipsync:	[0:1]:0.000	
*3.473	 3.456	values: 92, 82	lipsync:	[0:1]:0.000	
 3.473	*3.473	values: 92, 82	lipsync:	[0:1]:0.000	
*3.490	 3.473	values: 92, 82	lipsync:	[0:1]:0.000	
 3.490	*3.490	values: 92, 82	lipsync:	[0:1]:0.000	
*3.506	 3.490	values: 92, 82	lipsync:	[0:1]:0.000	
 3.506	*3.506	values: 92, 82	lipsync:	[0:1]:0.000	
*3.523	 3.506	values: 92, 82	lipsync:	[0:1]:0.000	
 3.523	*3.523	values: 92, 82	lipsync:	[0:1]:0.000	
*3.540	 3.523	values: 92, 82	lipsync:	[0:1]:0.000	
 3.540	*3.540	values: 92, 82	lipsync:	[0:1]:0.000	
*3.556	 3.540	values: 92, 82	lipsync:	[0:1]:0.000	
 3.556	*3.556	values: 92, 82	lipsync:	[0:1]:0.000	
*3.573	 3.556	values: 92, 82	lipsync:	[0:1]:0.000	
 3.573	*3.573	values: 92, 82	lipsync:	[0:1]:0.000	
*3.590	 3.573	values: 92, 82	lipsync:	[0:1]:0.000	
 3.590	*3.590	values: 92, 82	lipsync:	[0:1]:0.000	
*3.606	 3.590	values: 92, 82	lipsync:	[0:1]:0.000	
 3.606	*3.606	values: 92, 82	lipsync:	[0:1]:0.000	
*3.623	 3.606	values: 92, 82	lipsync:	[0:1]:0.000	
 3.623	*3.623	values: 92, 82	lipsync:	[0:1]:0.000	
*3.640	 3.623	values: 92, 82	lipsync:	[0:1]:0.000	
 3.640	*3.640	values: 92, 82	lipsync:	[0:1]:0.000	
*3.656	 3.640	values: 92, 82	lipsync:	[0:1]:0.000	
 3.656	*3.656	values: 92, 82	lipsync:	[0:1]:0.000	
*3.673	 3.656	values: 92, 82	lipsync:	[0:1]:0.000	
 3.673	*3.673	values: 92, 82	lipsync:	[0:1]:0.000	
*3.690	 3.673	values: 92, 82	lipsync:	[0:1]:0.000	
 3.690	*3.690	values: 92, 82	lipsync:	[0:1]:0.000	
*3.706	 3.690	values: 92, 82	lipsync:	[0:1]:0.000	
 3.706	*3.706	values: 92, 82	lipsync:	[0:1]:0.000	
*3.723	 3.706	values: 92, 82	lipsync:	[0:1]:0.000	
 3.723	*3.723	values: 92, 82	lipsync:	[0:1]:0.000	
*3.740	 3.723	values: 92, 82	lipsync:	[0:1]:0.000	
 3.740	*3.740	values: 92, 82	lipsync:	[0:1]:0.000	
*3.756	 3.740	values: 92, 82	lipsync:	[0:1]:0.000	
 3.756	*3.756	values: 92, 82	lipsync:	[0:1]:0.000	
*3.773	 3.756	values: 92, 82	lipsync:	[0:1]:0.000	
 3.773	*3.773	values: 92, 82	lipsync:	[0:1]:0.000	
*3.790	 3.773	values: 92, 82	lipsync:	[0:1]:0.000	
 3.790	*3.790	values: 92, 82	lipsync:	[0:1]:0.000	
*3.806	 3.790	values: 92, 82	lipsync:	[0:1]:0.000	
 3.806	*3.806	values: 92, 82	lipsync:	[0:1]:0.000	
*3.823	 3.806	values: 92, 82	lipsync:	[0:1]:0.000	
 3.823	*3.823	values: 92, 82	lipsync:	[0:1]:0.000	
*3.840	 3.823	values: 92, 82	lipsync:	[0:1]:0.000	
 3.840	*3.840	values: 92, 82	lipsync:	[0:1]:0.000	
*3.856	 3.840	values: 92, 82	lipsync:	[0:1]:0.000	
 3.856	*3.856	values: 92, 82	lipsync:	[0:1]:0.000	
*3.873	 3.856	values: 92, 82	lipsync:	[0:1]:0.000	
 3.873	*3.873	values: 92, 82	lipsync:	[0:1]:0.000	
*3.890	 3.873	values: 92, 82	lipsync:	[0:1]:0.000	
 3.890	*3.890	values: 92, 82	lipsync:	[0:1]:0.000	
*3.906	 3.890	values: 92, 82	lipsync:	[0:1]:0.000	
 3.906	*3.906	values: 92, 82	lipsync:	[0:1]:0.000	
*3.923	 3.906	values: 92, 82	lipsync:	[0:1]:0.000	
 3.923	*3.923	values: 92, 82	lipsync:	[0:1]:0.000	
*3.940	 3.923	values: 92, 82	lipsync:	[0:1]:0.000	
 3.940	*3.940	values: 92, 82	lipsync:	[0:1]:0.000	
*3.956	 3.940	values: 92, 82	lipsync:	[0:1]:0.000	
 3.956	*3.956	values: 92, 82	lipsync:	[0:1]:0.000	
*3.973	 3.956	values: 92, 82	lipsync:	[0:1]:0.000	
 3.973	*3.973	values: 92, 82	lipsync:	[0:1]:0.000	
*3.990	 3.973	values: 92, 82	lipsync:	[0:1]:0.000	
*4.006	 3.973	values: 92, 82	lipsync:	[0:1]:0.000	
 4.006	*3.990	values: 92, 82	lipsync:	[0:1]:0.000	
 4.006	*4.006	values: 92, 82	lipsync:	[0:1]:0.000	
