*0.000	 -	values: 0, 0	lipsync:	[0:1]:1110.000	
 0.000	*0.000	values: 0, 0	lipsync:	[0:1]:1110.000	
*0.023	 0.000	values: 0, 0	lipsync:	[0:1]:1110.000	
 0.023	*0.023	values: 0, 2	lipsync:	[0:1]:1110.000	
*0.046	 0.023	values: 0, 2	lipsync:	[0:1]:1110.000	
 0.046	*0.046	values: 0, 1	lipsync:	[0:1]:1110.000	
*0.070	 0.046	values: 0, 1	lipsync:	[0:1]:1110.000	
 0.070	*0.070	values: 0, 1	lipsync:	[0:1]:1110.000	
*0.093	 0.070	values: 0, 1	lipsync:	[0:1]:1110.000	
 0.093	*0.093	values: 0, 2	lipsync:	[0:1]:1110.000	
*0.116	 0.093	values: 0, 2	lipsync:	[0:1]:1110.000	
 0.116	*0.116	values: 0, 1	lipsync:	[0:1]:1110.000	
*0.139	 0.116	values: 0, 1	lipsync:	[0:1]:1110.000	
 0.139	*0.139	values: 0, 2	lipsync:	[0:1]:1110.000	
*0.163	 0.139	values: 0, 2	lipsync:	[0:1]:1110.000	
 0.163	*0.163	values: 0, 1	lipsync:	[0:1]:1110.000	
*0.186	 0.163	values: 0, 1	lipsync:	[0:1]:1110.000	
 0.186	*0.186	values: 0, 1	lipsync:	[0:1]:1110.000	
*0.209	 0.186	values: 0, 1	lipsync:	[0:1]:1110.000	
 0.209	*0.209	values: 0, 1	lipsync:	[0:1]:1110.000	
*0.232	 0.209	values: 0, 1	lipsync:	[0:1]:1110.000	
 0.232	*0.232	values: 0, 1	lipsync:	[0:1]:1110.000	
*0.255	 0.232	values: 0, 1	lipsync:	[0:1]:1110.000	
 0.255	*0.255	values: 0, 1	lipsync:	[0:1]:1110.000	
*0.279	 0.255	values: 0, 1	lipsync:	[0:1]:1110.000	
 0.279	*0.279	values: 0, 2	lipsync:	[0:1]:1110.000	
*0.302	 0.279	values: 0, 2	lipsync:	[0:1]:1110.000	
 0.302	*0.302	values: 0, 1	lipsync:	[0:1]:1110.000	
*0.325	 0.302	values: 0, 1	lipsync:	[0:1]:1110.000	
 0.325	*0.325	values: 0, 1	lipsync:	[0:1]:1110.000	
*0.348	 0.325	values: 0, 1	lipsync:	[0:1]:1110.000	
 0.348	*0.348	values: 0, 1	lipsync:	[0:1]:1110.000	
*0.372	 0.348	values: 0, 1	lipsync:	[0:1]:1110.000	
 0.372	*0.372	values: 0, 2	lipsync:	[0:1]:1110.000	
*0.395	 0.372	values: 0, 2	lipsync:	[0:1]:1110.000	
 0.395	*0.395	values: 0, 1	lipsync:	[0:1]:1110.000	
*0.418	 0.395	values: 0, 1	lipsync:	[0:1]:1110.000	
 0.418	*0.418	values: 0, 1	lipsync:	[0:1]:1110.000	
*0.441	 0.418	values: 0, 1	lipsync:	[0:1]:1110.000	
 0.441	*0.441	values: 0, 2	lipsync:	[0:1]:1110.000	
*0.464	 0.441	values: 0, 2	lipsync:	[0:1]:1110.000	
 0.464	*0.464	values: 0, 2	lipsync:	[0:1]:1110.000	
*0.488	 0.464	values: 0, 2	lipsync:	[0:1]:1110.000	
 0.488	*0.488	values: 0, 1	lipsync:	[0:1]:1110.000	
*0.511	 0.488	values: 0, 1	lipsync:	[0:1]:1110.000	
 0.511	*0.511	values: 0, 2	lipsync:	[0:1]:1110.000	
*0.534	 0.511	values: 0, 2	lipsync:	[0:1]:1110.000	
 0.534	*0.534	values: 0, 1	lipsync:	[0:1]:1110.000	
*0.557	 0.534	values: 0, 1	lipsync:	[0:1]:1110.000	
 0.557	*0.557	values: 0, 1	lipsync:	[0:1]:1110.000	
*0.580	 0.557	values: 0, 1	lipsync:	[0:1]:1110.000	
 0.580	*0.580	values: 0, 2	lipsync:	[0:1]:1110.000	
*0.604	 0.580	values: 0, 2	lipsync:	[0:1]:1110.000	
 0.604	*0.604	values: 0, 1	lipsync:	[0:1]:1110.000	
*0.627	 0.604	values: 0, 1	lipsync:	[0:1]:1110.000	
 0.627	*0.627	values: 0, 1	lipsync:	[0:1]:1110.000	
*0.650	 0.627	values: 0, 1	lipsync:	[0:1]:1110.000	
 0.650	*0.650	values: 0, 2	lipsync:	[0:1]:1110.000	
*0.673	 0.650	values: 0, 2	lipsync:	[0:1]:1110.000	
 0.673	*0.673	values: 0, 1	lipsync:	[0:1]:1110.000	
*0.697	 0.673	values: 0, 1	lipsync:	[0:1]:1110.000	
 0.697	*0.697	values: 0, 1	lipsync:	[0:1]:1110.000	
*0.720	 0.697	values: 0, 1	lipsync:	[0:1]:1110.000	
 0.720	*0.720	values: 0, 1	lipsync:	[0:1]:1110.000	
*0.743	 0.720	values: 0, 1	lipsync:	[0:1]:1110.000	
 0.743	*0.743	values: 0, 1	lipsync:	[0:1]:1110.000	
*0.766	 0.743	values: 0, 1	lipsync:	[0:1]:1110.000	
 0.766	*0.766	values: 0, 2	lipsync:	[0:1]:1110.000	
*0.789	 0.766	values: 0, 2	lipsync:	[0:1]:1110.000	
 0.789	*0.789	values: 0, 1	lipsync:	[0:1]:1110.000	
*0.813	 0.789	values: 0, 1	lipsync:	[0:1]:1110.000	
 0.813	*0.813	values: 0, 2	lipsync:	[0:1]:1110.000	
*0.836	 0.813	values: 0, 2	lipsync:	[0:1]:1110.000	
 0.836	*0.836	values: 0, 2	lipsync:	[0:1]:1110.000	
*0.859	 0.836	values: 0, 2	lipsync:	[0:1]:1110.000	
 0.859	*0.859	values: 0, 1	lipsync:	[0:1]:1110.000	
*0.882	 0.859	values: 0, 1	lipsync:	[0:1]:1110.000	
 0.882	*0.882	values: 0, 1	lipsync:	[0:1]:1110.000	
*0.906	 0.882	values: 0, 1	lipsync:	[0:1]:1110.000	
 0.906	*0.906	values: 0, 1	lipsync:	[0:1]:1110.000	
*0.929	 0.906	values: 0, 1	lipsync:	[0:1]:1110.000	
 0.929	*0.929	values: 0, 1	lipsync:	[0:1]:1110.000	
*0.952	 0.929	values: 0, 1	lipsync:	[0:1]:1110.000	
 0.952	*0.952	values: 0, 2	lipsync:	[0:1]:1110.000	
*0.975	 0.952	values: 0, 2	lipsync:	[0:1]:1110.000	
 0.975	*0.975	values: 0, 1	lipsync:	[0:1]:1110.000	
*0.998	 0.975	values: 0, 1	lipsync:	[0:1]:1110.000	
 0.998	*0.998	values: 0, 1	lipsync:	[0:1]:1110.000	
*1.022	 0.998	values: 0, 1	lipsync:	[0:1]:1110.000	
 1.022	*1.022	values: 0, 1	lipsync:	[0:1]:1110.000	
*1.045	 1.022	values: 0, 1	lipsync:	[0:1]:1110.000	
 1.045	*1.045	values: 0, 2	lipsync:	[0:1]:1110.000	
*1.068	 1.045	values: 0, 2	lipsync:	[0:1]:1110.000	
 1.068	*1.068	values: 0, 2	lipsync:	[0:1]:1110.000	
*1.091	 1.068	values: 0, 2	lipsync:	[0:1]:1110.000	
 1.091	*1.091	values: 0, 2	lipsync:	[0:1]:1110.000	
*1.115	 1.091	values: 0, 2	lipsync:	[0:1]:1110.000	
 1.115	*1.115	values: 0, 1	lipsync:	[0:1]:1110.000	
*1.138	 1.115	values: 0, 1	lipsync:	[0:1]:1110.000	
 1.138	*1.138	values: 0, 1	lipsync:	[0:1]:1110.000	
*1.161	 1.138	values: 0, 1	lipsync:	[0:1]:1110.000	
 1.161	*1.161	values: 0, 2	lipsync:	[0:1]:1110.000	
*1.184	 1.161	values: 0, 2	lipsync:	[0:1]:1110.000	
 1.184	*1.184	values: 0, 1	lipsync:	[0:1]:1110.000	
*1.207	 1.184	values: 0, 1	lipsync:	[0:1]:1110.000	
 1.207	*1.207	values: 0, 2	lipsync:	[0:1]:1110.000	
*1.231	 1.207	values: 0, 2	lipsync:	[0:1]:1110.000	
 1.231	*1.231	values: 0, 2	lipsync:	[0:1]:1110.000	
*1.254	 1.231	values: 0, 2	lipsync:	[0:1]:1110.000	
 1.254	*1.254	values: 0, 1	lipsync:	[0:1]:1110.000	
*1.277	 1.254	values: 0, 1	lipsync:	[0:1]:1110.000	
 1.277	*1.277	values: 0, 1	lipsync:	[0:1]:1110.000	
*1.300	 1.277	values: 0, 1	lipsync:	[0:1]:1110.000	
 1.300	*1.300	values: 0, 1	lipsync:	[0:1]:1110.000	
*1.324	 1.300	values: 0, 1	lipsync:	[0:1]:1110.000	
 1.324	*1.324	values: 0, 1	lipsync:	[0:1]:1110.000	
*1.347	 1.324	values: 0, 1	lipsync:	[0:1]:1110.000	
 1.347	*1.347	values: 0, 1	lipsync:	[0:1]:1110.000	
*1.370	 1.347	values: 0, 1	lipsync:	[0:1]:1110.000	
 1.370	*1.370	values: 0, 1	lipsync:	[0:1]:1110.000	
*1.393	 1.370	values: 0, 1	lipsync:	[0:1]:1110.000	
 1.393	*1.393	values: 0, 2	lipsync:	[0:1]:1110.000	
*1.416	 1.393	values: 0, 2	lipsync:	[0:1]:1110.000	
 1.416	*1.416	values: 0, 1	lipsync:	[0:1]:1110.000	
*1.440	 1.416	values: 0, 1	lipsync:	[0:1]:1110.000	
 1.440	*1.440	values: 0, 1	lipsync:	[0:1]:1110.000	
*1.463	 1.440	values: 0, 1	lipsync:	[0:1]:1110.000	
 1.463	*1.463	values: 0, 1	lipsync:	[0:1]:1110.000	
*1.486	 1.463	values: 0, 1	lipsync:	[0:1]:1110.000	
 1.486	*1.486	values: 0, 1	lipsync:	[0:1]:1110.000	
*1.509	 1.486	values: 0, 1	lipsync:	[0:1]:1110.000	
 1.509	*1.509	values: 0, 1	lipsync:	[0:1]:1110.000	
*1.533	 1.509	values: 0, 1	lipsync:	[0:1]:1110.000	
 1.533	*1.533	values: 0, 1	lipsync:	[0:1]:1110.000	
*1.556	 1.533	values: 0, 1	lipsync:	[0:1]:1110.000	
 1.556	*1.556	values: 0, 1	lipsync:	[0:1]:1110.000	
*1.579	 1.556	values: 0, 1	lipsync:	[0:1]:1110.000	
 1.579	*1.579	values: 0, 1	lipsync:	[0:1]:1110.000	
*1.602	 1.579	values: 0, 1	lipsync:	[0:1]:1110.000	
 1.602	*1.602	values: 0, 1	lipsync:	[0:1]:1110.000	
*1.625	 1.602	values: 0, 1	lipsync:	[0:1]:1110.000	
 1.625	*1.625	values: 0, 2	lipsync:	[0:1]:1110.000	
*1.649	 1.625	values: 0, 2	lipsync:	[0:1]:1110.000	
 1.649	*1.649	values: 0, 1	lipsync:	[0:1]:1110.000	
*1.672	 1.649	values: 0, 1	lipsync:	[0:1]:1110.000	
 1.672	*1.672	values: 0, 1	lipsync:	[0:1]:1110.000	
*1.695	 1.672	values: 0, 1	lipsync:	[0:1]:1110.000	
 1.695	*1.695	values: 0, 2	lipsync:	[0:1]:1110.000	
*1.718	 1.695	values: 0, 2	lipsync:	[0:1]:1110.000	
 1.718	*1.718	values: 0, 1	lipsync:	[0:1]:1110.000	
*1.741	 1.718	values: 0, 1	lipsync:	[0:1]:1110.000	
 1.741	*1.741	values: 0, 2	lipsync:	[0:1]:1110.000	
*1.765	 1.741	values: 0, 2	lipsync:	[0:1]:1110.000	
 1.765	*1.765	values: 0, 2	lipsync:	[0:1]:1110.000	
*1.788	 1.765	values: 0, 2	lipsync:	[0:1]:1110.000	
 1.788	*1.788	values: 0, 1	lipsync:	[0:1]:1110.000	
*1.811	 1.788	values: 0, 1	lipsync:	[0:1]:1110.000	
 1.811	*1.811	values: 0, 1	lipsync:	[0:1]:1110.000	
*1.834	 1.811	values: 0, 1	lipsync:	[0:1]:1110.000	
 1.834	*1.834	values: 0, 1	lipsync:	[0:1]:1110.000	
*1.858	 1.834	values: 0, 1	lipsync:	[0:1]:1110.000	
 1.858	*1.858	values: 0, 1	lipsync:	[0:1]:1110.000	
*1.881	 1.858	values: 0, 1	lipsync:	[0:1]:1110.000	
 1.881	*1.881	values: 0, 1	lipsync:	[0:1]:1110.000	
*1.904	 1.881	values: 0, 1	lipsync:	[0:1]:1110.000	
 1.904	*1.904	values: 0, 1	lipsync:	[0:1]:1110.000	
*1.927	 1.904	values: 0, 1	lipsync:	[0:1]:1110.000	
 1.927	*1.927	values: 0, 1	lipsync:	[0:1]:1110.000	
*1.950	 1.927	values: 0, 1	lipsync:	[0:1]:1110.000	
 1.950	*1.950	values: 0, 1	lipsync:	[0:1]:1110.000	
*1.974	 1.950	values: 0, 1	lipsync:	[0:1]:1110.000	
 1.974	*1.974	values: 0, 2	lipsync:	[0:1]:1110.000	
*1.997	 1.974	values: 0, 2	lipsync:	[0:1]:1110.000	
 1.997	*1.997	values: 0, 1	lipsync:	[0:1]:1110.000	
*2.020	 1.997	values: 60, 1	lipsync:	[0:1]:1110.000	
 2.020	*2.020	values: 60, 31	lipsync:	[0:1]:0.000	
*2.043	 2.020	values: 69, 31	lipsync:	[0:1]:0.000	
 2.043	*2.043	values: 69, 34	lipsync:	[0:1]:0.000	
*2.067	 2.043	values: 69, 34	lipsync:	[0:1]:0.000	
 2.067	*2.067	values: 69, 34	lipsync:	[0:1]:0.000	
*2.090	 2.067	values: 69, 34	lipsync:	[0:1]:0.000	
 2.090	*2.090	values: 69, 34	lipsync:	[0:1]:0.000	
*2.113	 2.090	values: 69, 34	lipsync:	[0:1]:0.000	
 2.113	*2.113	values: 69, 35	lipsync:	[0:1]:0.000	
*2.136	 2.113	values: 69, 35	lipsync:	[0:1]:0.000	
 2.136	*2.136	values: 69, 34	lipsync:	[0:1]:0.000	
*2.159	 2.136	values: 69, 34	lipsync:	[0:1]:0.000	
 2.159	*2.159	values: 69, 34	lipsync:	[0:1]:0.000	
*2.183	 2.159	values: 69, 34	lipsync:	[0:1]:0.000	
 2.183	*2.183	values: 69, 34	lipsync:	[0:1]:0.000	
*2.206	 2.183	values: 70, 34	lipsync:	[0:1]:0.000	
 2.206	*2.206	values: 70, 35	lipsync:	[0:1]:0.000	
*2.229	 2.206	values: 69, 35	lipsync:	[0:1]:0.000	
 2.229	*2.229	values: 69, 34	lipsync:	[0:1]:0.000	
*2.252	 2.229	values: 68, 34	lipsync:	[0:1]:0.000	
 2.252	*2.252	values: 68, 34	lipsync:	[0:1]:0.000	
*2.276	 2.252	values: 68, 34	lipsync:	[0:1]:0.000	
 2.276	*2.276	values: 68, 34	lipsync:	[0:1]:0.000	
*2.299	 2.276	values: 68, 34	lipsync:	[0:1]:0.000	
 2.299	*2.299	values: 68, 34	lipsync:	[0:1]:0.000	
*2.322	 2.299	values: 69, 34	lipsync:	[0:1]:0.000	
 2.322	*2.322	values: 69, 35	lipsync:	[0:1]:0.000	
*2.345	 2.322	values: 69, 35	lipsync:	[0:1]:0.000	
 2.345	*2.345	values: 69, 34	lipsync:	[0:1]:0.000	
*2.368	 2.345	values: 69, 34	lipsync:	[0:1]:0.000	
 2.368	*2.368	values: 69, 34	lipsync:	[0:1]:0.000	
*2.392	 2.368	values: 69, 34	lipsync:	[0:1]:0.000	
 2.392	*2.392	values: 69, 34	lipsync:	[0:1]:0.000	
*2.415	 2.392	values: 69, 34	lipsync:	[0:1]:0.000	
 2.415	*2.415	values: 69, 35	lipsync:	[0:1]:0.000	
*2.438	 2.415	values: 69, 35	lipsync:	[0:1]:0.000	
 2.438	*2.438	values: 69, 34	lipsync:	[0:1]:0.000	
*2.461	 2.438	values: 69, 34	lipsync:	[0:1]:0.000	
 2.461	*2.461	values: 69, 34	lipsync:	[0:1]:0.000	
*2.485	 2.461	values: 68, 34	lipsync:	[0:1]:0.000	
 2.485	*2.485	values: 68, 34	lipsync:	[0:1]:0.000	
*2.508	 2.485	values: 68, 34	lipsync:	[0:1]:0.000	
 2.508	*2.508	values: 68, 35	lipsync:	[0:1]:0.000	
*2.531	 2.508	values: 68, 35	lipsync:	[0:1]:0.000	
 2.531	*2.531	values: 68, 35	lipsync:	[0:1]:0.000	
*2.554	 2.531	values: 68, 35	lipsync:	[0:1]:0.000	
 2.554	*2.554	values: 68, 35	lipsync:	[0:1]:0.000	
*2.577	 2.554	values: 68, 35	lipsync:	[0:1]:0.000	
 2.577	*2.577	values: 68, 34	lipsync:	[0:1]:0.000	
*2.601	 2.577	values: 68, 34	lipsync:	[0:1]:0.000	
 2.601	*2.601	values: 68, 34	lipsync:	[0:1]:0.000	
*2.624	 2.601	values: 68, 34	lipsync:	[0:1]:0.000	
 2.624	*2.624	values: 68, 34	lipsync:	[0:1]:0.000	
*2.647	 2.624	values: 68, 34	lipsync:	[0:1]:0.000	
 2.647	*2.647	values: 68, 35	lipsync:	[0:1]:0.000	
*2.670	 2.647	values: 68, 35	lipsync:	[0:1]:0.000	
 2.670	*2.670	values: 68, 34	lipsync:	[0:1]:0.000	
*2.694	 2.670	values: 68, 34	lipsync:	[0:1]:0.000	
 2.694	*2.694	values: 68, 34	lipsync:	[0:1]:0.000	
*2.717	 2.694	values: 68, 34	lipsync:	[0:1]:0.000	
 2.717	*2.717	values: 68, 34	lipsync:	[0:1]:0.000	
*2.740	 2.717	values: 68, 34	lipsync:	[0:1]:0.000	
 2.740	*2.740	values: 68, 35	lipsync:	[0:1]:0.000	
*2.763	 2.740	values: 68, 35	lipsync:	[0:1]:0.000	
 2.763	*2.763	values: 68, 35	lipsync:	[0:1]:0.000	
*2.786	 2.763	values: 68, 35	lipsync:	[0:1]:0.000	
 2.786	*2.786	values: 68, 34	lipsync:	[0:1]:0.000	
*2.810	 2.786	values: 68, 34	lipsync:	[0:1]:0.000	
 2.810	*2.810	values: 68, 34	lipsync:	[0:1]:0.000	
*2.833	 2.810	values: 68, 34	lipsync:	[0:1]:0.000	
 2.833	*2.833	values: 68, 34	lipsync:	[0:1]:0.000	
*2.856	 2.833	values: 68, 34	lipsync:	[0:1]:0.000	
 2.856	*2.856	values: 68, 35	lipsync:	[0:1]:0.000	
*2.879	 2.856	values: 69, 35	lipsync:	[0:1]:0.000	
 2.879	*2.879	values: 69, 34	lipsync:	[0:1]:0.000	
*2.902	 2.879	values: 69, 34	lipsync:	[0:1]:0.000	
 2.902	*2.902	values: 69, 34	lipsync:	[0:1]:0.000	
*2.926	 2.902	values: 69, 34	lipsync:	[0:1]:0.000	
 2.926	*2.926	values: 69, 34	lipsync:	[0:1]:0.000	
*2.949	 2.926	values: 69, 34	lipsync:	[0:1]:0.000	
 2.949	*2.949	values: 69, 35	lipsync:	[0:1]:0.000	
*2.972	 2.949	values: 70, 35	lipsync:	[0:1]:0.000	
 2.972	*2.972	values: 70, 35	lipsync:	[0:1]:0.000	
*2.995	 2.972	values: 69, 35	lipsync:	[0:1]:0.000	
 2.995	*2.995	values: 69, 34	lipsync:	[0:1]:0.000	
*3.019	 2.995	values: 69, 34	lipsync:	[0:1]:0.000	
 3.019	*3.019	values: 69, 33	lipsync:	[0:1]:0.000	
*3.042	 3.019	values: 69, 33	lipsync:	[0:1]:0.000	
 3.042	*3.042	values: 69, 34	lipsync:	[0:1]:0.000	
*3.065	 3.042	values: 69, 34	lipsync:	[0:1]:0.000	
 3.065	*3.065	values: 69, 35	lipsync:	[0:1]:0.000	
*3.088	 3.065	values: 69, 35	lipsync:	[0:1]:0.000	
 3.088	*3.088	values: 69, 34	lipsync:	[0:1]:0.000	
*3.111	 3.088	values: 68, 34	lipsync:	[0:1]:0.000	
 3.111	*3.111	values: 68, 34	lipsync:	[0:1]:0.000	
*3.135	 3.111	values: 68, 34	lipsync:	[0:1]:0.000	
 3.135	*3.135	values: 68, 34	lipsync:	[0:1]:0.000	
*3.158	 3.135	values: 67, 34	lipsync:	[0:1]:0.000	
 3.158	*3.158	values: 67, 34	lipsync:	[0:1]:0.000	
*3.181	 3.158	values: 68, 34	lipsync:	[0:1]:0.000	
 3.181	*3.181	values: 68, 35	lipsync:	[0:1]:0.000	
*3.204	 3.181	values: 68, 35	lipsync:	[0:1]:0.000	
 3.204	*3.204	values: 68, 34	lipsync:	[0:1]:0.000	
*3.228	 3.204	values: 68, 34	lipsync:	[0:1]:0.000	
 3.228	*3.228	values: 68, 34	lipsync:	[0:1]:0.000	
*3.251	 3.228	values: 68, 34	lipsync:	[0:1]:0.000	
 3.251	*3.251	values: 68, 34	lipsync:	[0:1]:0.000	
*3.274	 3.251	values: 68, 34	lipsync:	[0:1]:0.000	
 3.274	*3.274	values: 68, 35	lipsync:	[0:1]:0.000	
*3.297	 3.274	values: 68, 35	lipsync:	[0:1]:0.000	
 3.297	*3.297	values: 68, 34	lipsync:	[0:1]:0.000	
*3.320	 3.297	values: 67, 34	lipsync:	[0:1]:0.000	
 3.320	*3.320	values: 67, 34	lipsync:	[0:1]:0.000	
*3.344	 3.320	values: 68, 34	lipsync:	[0:1]:0.000	
 3.344	*3.344	values: 68, 34	lipsync:	[0:1]:0.000	
*3.367	 3.344	values: 68, 34	lipsync:	[0:1]:0.000	
 3.367	*3.367	values: 68, 34	lipsync:	[0:1]:0.000	
*3.390	 3.367	values: 68, 34	lipsync:	[0:1]:0.000	
 3.390	*3.390	values: 68, 35	lipsync:	[0:1]:0.000	
*3.413	 3.390	values: 68, 35	lipsync:	[0:1]:0.000	
 3.413	*3.413	values: 68, 34	lipsync:	[0:1]:0.000	
*3.437	 3.413	values: 69, 34	lipsync:	[0:1]:0.000	
 3.437	*3.437	values: 69, 34	lipsync:	[0:1]:0.000	
*3.460	 3.437	values: 69, 34	lipsync:	[0:1]:0.000	
 3.460	*3.460	values: 69, 34	lipsync:	[0:1]:0.000	
*3.483	 3.460	values: 68, 34	lipsync:	[0:1]:0.000	
 3.483	*3.483	values: 68, 35	lipsync:	[0:1]:0.000	
*3.506	 3.483	values: 68, 35	lipsync:	[0:1]:0.000	
 3.506	*3.506	values: 68, 34	lipsync:	[0:1]:0.000	
*3.529	 3.506	values: 69, 34	lipsync:	[0:1]:0.000	
 3.529	*3.529	values: 69, 34	lipsync:	[0:1]:0.000	
*3.553	 3.529	values: 69, 34	lipsync:	[0:1]:0.000	
 3.553	*3.553	values: 69, 34	lipsync:	[0:1]:0.000	
*3.576	 3.553	values: 69, 34	lipsync:	[0:1]:0.000	
 3.576	*3.576	values: 69, 34	lipsync:	[0:1]:0.000	
*3.599	 3.576	values: 69, 34	lipsync:	[0:1]:0.000	
 3.599	*3.599	values: 69, 35	lipsync:	[0:1]:0.000	
*3.622	 3.599	values: 69, 35	lipsync:	[0:1]:0.000	
 3.622	*3.622	values: 69, 35	lipsync:	[0:1]:0.000	
*3.646	 3.622	values: 69, 35	lipsync:	[0:1]:0.000	
 3.646	*3.646	values: 69, 34	lipsync:	[0:1]:0.000	
*3.669	 3.646	values: 69, 34	lipsync:	[0:1]:0.000	
 3.669	*3.669	values: 69, 34	lipsync:	[0:1]:0.000	
*3.692	 3.669	values: 69, 34	lipsync:	[0:1]:0.000	
 3.692	*3.692	values: 69, 35	lipsync:	[0:1]:0.000	
*3.715	 3.692	values: 68, 35	lipsync:	[0:1]:0.000	
 3.715	*3.715	values: 68, 35	lipsync:	[0:1]:0.000	
*3.738	 3.715	values: 68, 35	lipsync:	[0:1]:0.000	
 3.738	*3.738	values: 68, 34	lipsync:	[0:1]:0.000	
*3.762	 3.738	values: 69, 34	lipsync:	[0:1]:0.000	
 3.762	*3.762	values: 69, 34	lipsync:	[0:1]:0.000	
*3.785	 3.762	values: 69, 34	lipsync:	[0:1]:0.000	
 3.785	*3.785	values: 69, 34	lipsync:	[0:1]:0.000	
*3.808	 3.785	values: 69, 34	lipsync:	[0:1]:0.000	
 3.808	*3.808	values: 69, 35	lipsync:	[0:1]:0.000	
*3.831	 3.808	values: 68, 35	lipsync:	[0:1]:0.000	
 3.831	*3.831	values: 68, 34	lipsync:	[0:1]:0.000	
*3.855	 3.831	values: 67, 34	lipsync:	[0:1]:0.000	
 3.855	*3.855	values: 67, 34	lipsync:	[0:1]:0.000	
*3.878	 3.855	values: 68, 34	lipsync:	[0:1]:0.000	
 3.878	*3.878	values: 68, 34	lipsync:	[0:1]:0.000	
*3.901	 3.878	values: 68, 34	lipsync:	[0:1]:0.000	
 3.901	*3.901	values: 68, 34	lipsync:	[0:1]:0.000	
*3.924	 3.901	values: 68, 34	lipsync:	[0:1]:0.000	
 3.924	*3.924	values: 68, 35	lipsync:	[0:1]:0.000	
*3.947	 3.924	values: 68, 35	lipsync:	[0:1]:0.000	
 3.947	*3.947	values: 68, 35	lipsync:	[0:1]:0.000	
*3.971	 3.947	values: 67, 35	lipsync:	[0:1]:0.000	
 3.971	*3.971	values: 67, 34	lipsync:	[0:1]:0.000	
*3.994	 3.971	values: 68, 34	lipsync:	[0:1]:0.000	
 3.994	*3.994	values: 68, 34	lipsync:	[0:1]:0.000	
*4.017	 3.994	values: 18, 34	lipsync:	[0:1]:0.000	
 4.017	*4.017	values: 18, 10	lipsync:	[0:1]:1110.000	
