packet 0	streamid=1, pts=0, dts=0, size=9
packet 1	streamid=3, pts=0, dts=0, size=9
packet 2	streamid=4, pts=NOPTS, dts=0, size=85978
packet 3	streamid=5, pts=0, dts=0, size=9
packet 4	streamid=1, pts=1, dts=1, size=9
packet 5	streamid=3, pts=1, dts=1, size=9
packet 6	streamid=5, pts=1, dts=1, size=439
packet 7	streamid=4, pts=NOPTS, dts=1, size=70926
packet 8	streamid=1, pts=2, dts=2, size=9
packet 9	streamid=3, pts=2, dts=2, size=9
packet 10	streamid=5, pts=2, dts=2, size=438
packet 11	streamid=1, pts=3, dts=3, size=9
packet 12	streamid=3, pts=3, dts=3, size=9
packet 13	streamid=5, pts=3, dts=3, size=435
packet 14	streamid=1, pts=4, dts=4, size=9
packet 15	streamid=3, pts=4, dts=4, size=9
packet 16	streamid=5, pts=4, dts=4, size=434
packet 17	streamid=4, pts=NOPTS, dts=3, size=108
packet 18	streamid=1, pts=5, dts=5, size=9
packet 19	streamid=3, pts=5, dts=5, size=9
packet 20	streamid=5, pts=5, dts=5, size=457
packet 21	streamid=4, pts=NOPTS, dts=4, size=2780
packet 22	streamid=1, pts=6, dts=6, size=9
packet 23	streamid=3, pts=6, dts=6, size=9
packet 24	streamid=5, pts=6, dts=6, size=458
packet 25	streamid=1, pts=7, dts=7, size=9
packet 26	streamid=3, pts=7, dts=7, size=9
packet 27	streamid=5, pts=7, dts=7, size=452
packet 28	streamid=1, pts=8, dts=8, size=9
packet 29	streamid=3, pts=8, dts=8, size=9
packet 30	streamid=5, pts=8, dts=8, size=468
packet 31	streamid=4, pts=NOPTS, dts=6, size=9355
packet 32	streamid=1, pts=9, dts=9, size=9
packet 33	streamid=3, pts=9, dts=9, size=9
packet 34	streamid=5, pts=9, dts=9, size=445
packet 35	streamid=1, pts=10, dts=10, size=9
packet 36	streamid=3, pts=10, dts=10, size=9
packet 37	streamid=5, pts=10, dts=10, size=455
packet 38	streamid=1, pts=11, dts=11, size=9
packet 39	streamid=3, pts=11, dts=11, size=9
packet 40	streamid=5, pts=11, dts=11, size=474
packet 41	streamid=1, pts=12, dts=12, size=9
packet 42	streamid=3, pts=12, dts=12, size=9
packet 43	streamid=5, pts=12, dts=12, size=440
packet 44	streamid=4, pts=NOPTS, dts=9, size=57290
packet 45	streamid=1, pts=13, dts=13, size=9
packet 46	streamid=3, pts=13, dts=13, size=9
packet 47	streamid=5, pts=13, dts=13, size=453
packet 48	streamid=1, pts=14, dts=14, size=9
packet 49	streamid=3, pts=14, dts=14, size=9
packet 50	streamid=5, pts=14, dts=14, size=447
packet 51	streamid=4, pts=NOPTS, dts=10, size=18934
packet 52	streamid=1, pts=15, dts=15, size=9
packet 53	streamid=3, pts=15, dts=15, size=9
packet 54	streamid=5, pts=15, dts=15, size=443
packet 55	streamid=4, pts=NOPTS, dts=11, size=10798
packet 56	streamid=1, pts=16, dts=16, size=9
packet 57	streamid=3, pts=16, dts=16, size=9
packet 58	streamid=5, pts=16, dts=16, size=451
packet 59	streamid=1, pts=17, dts=17, size=9
packet 60	streamid=3, pts=17, dts=17, size=9
packet 61	streamid=5, pts=17, dts=17, size=458
packet 62	streamid=4, pts=NOPTS, dts=12, size=53561
packet 63	streamid=1, pts=18, dts=18, size=9
packet 64	streamid=3, pts=18, dts=18, size=9
packet 65	streamid=5, pts=18, dts=18, size=481
packet 66	streamid=4, pts=NOPTS, dts=13, size=239
packet 67	streamid=1, pts=19, dts=19, size=9
packet 68	streamid=3, pts=19, dts=19, size=9
packet 69	streamid=5, pts=19, dts=19, size=467
packet 70	streamid=1, pts=20, dts=20, size=9
packet 71	streamid=3, pts=20, dts=20, size=9
packet 72	streamid=5, pts=20, dts=20, size=572
packet 73	streamid=1, pts=21, dts=21, size=9
packet 74	streamid=3, pts=21, dts=21, size=9
packet 75	streamid=5, pts=21, dts=21, size=593
packet 76	streamid=4, pts=NOPTS, dts=15, size=4554
packet 77	streamid=1, pts=22, dts=22, size=9
packet 78	streamid=3, pts=22, dts=22, size=9
packet 79	streamid=5, pts=22, dts=22, size=568
packet 80	streamid=0, pts=NOPTS, dts=16, size=65824
packet 81	streamid=2, pts=NOPTS, dts=16, size=75048
packet 82	streamid=4, pts=NOPTS, dts=16, size=16067
packet 83	streamid=1, pts=23, dts=23, size=9
packet 84	streamid=3, pts=23, dts=23, size=9
packet 85	streamid=5, pts=23, dts=23, size=537
packet 86	streamid=1, pts=24, dts=24, size=399
packet 87	streamid=3, pts=24, dts=24, size=393
packet 88	streamid=5, pts=24, dts=24, size=541
packet 89	streamid=2, pts=NOPTS, dts=17, size=6023
packet 90	streamid=1, pts=25, dts=25, size=390
packet 91	streamid=3, pts=25, dts=25, size=451
packet 92	streamid=5, pts=25, dts=25, size=580
packet 93	streamid=0, pts=NOPTS, dts=18, size=28978
packet 94	streamid=2, pts=NOPTS, dts=18, size=8104
packet 95	streamid=4, pts=NOPTS, dts=18, size=53741
packet 96	streamid=1, pts=26, dts=26, size=428
packet 97	streamid=3, pts=26, dts=26, size=462
packet 98	streamid=5, pts=26, dts=26, size=570
packet 99	streamid=1, pts=27, dts=27, size=426
packet 100	streamid=3, pts=27, dts=27, size=439
packet 101	streamid=5, pts=27, dts=27, size=541
packet 102	streamid=0, pts=NOPTS, dts=19, size=24350
packet 103	streamid=2, pts=NOPTS, dts=19, size=6225
packet 104	streamid=4, pts=NOPTS, dts=19, size=38670
packet 105	streamid=1, pts=28, dts=28, size=450
packet 106	streamid=3, pts=28, dts=28, size=479
packet 107	streamid=5, pts=28, dts=28, size=542
packet 108	streamid=2, pts=NOPTS, dts=20, size=12749
packet 109	streamid=4, pts=NOPTS, dts=20, size=31221
packet 110	streamid=1, pts=29, dts=29, size=485
packet 111	streamid=3, pts=29, dts=29, size=487
packet 112	streamid=5, pts=29, dts=29, size=652
packet 113	streamid=1, pts=30, dts=30, size=442
packet 114	streamid=3, pts=30, dts=30, size=460
packet 115	streamid=5, pts=30, dts=30, size=642
packet 116	streamid=0, pts=NOPTS, dts=21, size=31657
packet 117	streamid=2, pts=NOPTS, dts=21, size=10893
packet 118	streamid=4, pts=NOPTS, dts=21, size=9067
packet 119	streamid=1, pts=31, dts=31, size=422
packet 120	streamid=3, pts=31, dts=31, size=460
packet 121	streamid=5, pts=31, dts=31, size=553
packet 122	streamid=0, pts=NOPTS, dts=22, size=26700
packet 123	streamid=2, pts=NOPTS, dts=22, size=13111
packet 124	streamid=1, pts=32, dts=32, size=409
packet 125	streamid=3, pts=32, dts=32, size=470
packet 126	streamid=5, pts=32, dts=32, size=506
packet 127	streamid=1, pts=33, dts=33, size=410
packet 128	streamid=3, pts=33, dts=33, size=480
packet 129	streamid=5, pts=33, dts=33, size=470
packet 130	streamid=0, pts=NOPTS, dts=23, size=10232
packet 131	streamid=2, pts=NOPTS, dts=23, size=17455
packet 132	streamid=4, pts=NOPTS, dts=23, size=38074
packet 133	streamid=1, pts=34, dts=34, size=426
packet 134	streamid=3, pts=34, dts=34, size=453
packet 135	streamid=5, pts=34, dts=34, size=448
packet 136	streamid=2, pts=NOPTS, dts=24, size=24812
packet 137	streamid=4, pts=NOPTS, dts=24, size=27912
packet 138	streamid=1, pts=35, dts=35, size=511
packet 139	streamid=3, pts=35, dts=35, size=467
packet 140	streamid=5, pts=35, dts=35, size=431
packet 141	streamid=0, pts=NOPTS, dts=25, size=32657
packet 142	streamid=2, pts=NOPTS, dts=25, size=21478
packet 143	streamid=1, pts=36, dts=36, size=443
packet 144	streamid=3, pts=36, dts=36, size=430
packet 145	streamid=5, pts=36, dts=36, size=442
packet 146	streamid=1, pts=37, dts=37, size=459
packet 147	streamid=3, pts=37, dts=37, size=406
packet 148	streamid=5, pts=37, dts=37, size=465
packet 149	streamid=0, pts=NOPTS, dts=26, size=40975
packet 150	streamid=2, pts=NOPTS, dts=26, size=9376
packet 151	streamid=4, pts=NOPTS, dts=26, size=41265
packet 152	streamid=1, pts=38, dts=38, size=454
packet 153	streamid=3, pts=38, dts=38, size=450
packet 154	streamid=5, pts=38, dts=38, size=563
packet 155	streamid=2, pts=NOPTS, dts=27, size=15676
packet 156	streamid=4, pts=NOPTS, dts=27, size=14327
packet 157	streamid=1, pts=39, dts=39, size=449
packet 158	streamid=3, pts=39, dts=39, size=452
packet 159	streamid=5, pts=39, dts=39, size=582
packet 160	streamid=1, pts=40, dts=40, size=424
packet 161	streamid=3, pts=40, dts=40, size=433
packet 162	streamid=5, pts=40, dts=40, size=605
packet 163	streamid=0, pts=NOPTS, dts=28, size=42841
packet 164	streamid=2, pts=NOPTS, dts=28, size=12086
packet 165	streamid=1, pts=41, dts=41, size=480
packet 166	streamid=3, pts=41, dts=41, size=467
packet 167	streamid=5, pts=41, dts=41, size=585
packet 168	streamid=1, pts=42, dts=42, size=486
packet 169	streamid=3, pts=42, dts=42, size=433
packet 170	streamid=5, pts=42, dts=42, size=556
